
/**
 * @fileoverview
 * @suppress {lateProvide}
 *
 * Generated code DO NOT EDIT
 * Generated by
 * //java/com/google/protobuf/contrib/immutablejs/generator:ImmutableJspbCompiler
 */
goog.module('improto.protobuf.contrib.immutablejs.protos.Primitives');

const proto_im_InternalMessage = goog.require('proto.im.internal.InternalMessage');
const proto_im_Message = goog.require('proto.im.Message');
const goog_math_Long = goog.require('goog.math.Long');
const improto_protobuf_contrib_immutablejs_protos_Base = goog.require('improto.protobuf.contrib.immutablejs.protos.Base');
const improto_protobuf_contrib_immutablejs_protos_TestEnum = goog.require('improto.protobuf.contrib.immutablejs.protos.TestEnum');
const proto_im_ByteString = goog.require('proto.im.ByteString');
const proto_im_ListView = goog.require('proto.im.ListView');

/**
 *
 * @struct
 * @final
 * @extends {proto_im_InternalMessage<!Primitives, !Primitives.Builder>}
 */
class Primitives extends proto_im_InternalMessage {
  /**
   * Parses the json as a message of type Primitives.
   * @param {string} json
   * @return {!Primitives}
   */
  static parse(json) {
    return proto_im_InternalMessage.parseBase(Primitives, json);
  }

  /**
   * Returns a builder for this message.
   * @param {!Primitives=} message
   * @return {!Primitives.Builder}
   */
  static newBuilder(message = Primitives.getDefaultInstance()) {
    return new Primitives.Builder(message);
  }

  /**
   * Returns the default instance for this message.
   * @return {!Primitives}
   */
  static getDefaultInstance() {
    return proto_im_InternalMessage.getDefaultInstanceForMessage(Primitives);
  }

  /**
   * @param {!Array<?>} data The array holding protobuf data.
   * @private
   */
  constructor(data) {
    super(data, -1, 0);
  }

  /**
   * Constructs a builder initialized with the current message.
   * @return {!Primitives.Builder}
   * @override
   */
  toBuilder() {
    return new Primitives.Builder(this);
  }


  /**
   * @return {boolean}
   */
  hasPayload() {
    return this.internal_hasField(2);
  }

  /**
   *
   * @return {!string}
   */
  getPayload() {
    return this.internal_getStringField(2);
  }
}


// Extensions start

/**
 * @const {!proto_im_Message.ExtensionFieldInfo<!improto_protobuf_contrib_immutablejs_protos_Base, !boolean>}
 */
Primitives.singleBoolExtension =
    proto_im_InternalMessage.ExtensionFieldInfo.createSingleBooleanExtension(
        101);

/**
 * @const {!proto_im_Message.ExtensionFieldInfo<!improto_protobuf_contrib_immutablejs_protos_Base, !proto_im_ByteString>}
 */
Primitives.singleByteStringExtension =
    proto_im_InternalMessage.ExtensionFieldInfo.createSingleByteStringExtension(
        102);

/**
 * @const {!proto_im_Message.ExtensionFieldInfo<!improto_protobuf_contrib_immutablejs_protos_Base, !number>}
 */
Primitives.singleInt32Extension =
    proto_im_InternalMessage.ExtensionFieldInfo.createSingleIntExtension(103);

/**
 * @const {!proto_im_Message.ExtensionFieldInfo<!improto_protobuf_contrib_immutablejs_protos_Base, !goog_math_Long>}
 */
Primitives.singleInt64Extension =
    proto_im_InternalMessage.ExtensionFieldInfo.createSingleInt52LongExtension(
        104);

/**
 * @const {!proto_im_Message.ExtensionFieldInfo<!improto_protobuf_contrib_immutablejs_protos_Base, !string>}
 */
Primitives.singleStringExtension =
    proto_im_InternalMessage.ExtensionFieldInfo.createSingleStringExtension(
        105);

/**
 * @const {!proto_im_Message.ExtensionFieldInfo<!improto_protobuf_contrib_immutablejs_protos_Base, !number>}
 */
Primitives.singleDoubleExtension =
    proto_im_InternalMessage.ExtensionFieldInfo.createSingleDoubleExtension(
        106);

/**
 * @const {!proto_im_Message.ExtensionFieldInfo<!improto_protobuf_contrib_immutablejs_protos_Base, !number>}
 */
Primitives.singleFloatExtension =
    proto_im_InternalMessage.ExtensionFieldInfo.createSingleDoubleExtension(
        107);

/**
 * @const {!proto_im_Message.ExtensionFieldInfo<!improto_protobuf_contrib_immutablejs_protos_Base, !improto_protobuf_contrib_immutablejs_protos_TestEnum>}
 */
Primitives.singleEnumExtension =
    proto_im_InternalMessage.ExtensionFieldInfo.createSingleIntExtension(108);

/**
 * @const {!proto_im_Message.ExtensionFieldInfo<!improto_protobuf_contrib_immutablejs_protos_Base, !proto_im_ListView<!boolean>>}
 */
Primitives.repeatedBoolExtension =
    proto_im_InternalMessage.ExtensionFieldInfo.createRepeatedBooleanExtension(
        141);

/**
 * @const {!proto_im_Message.ExtensionFieldInfo<!improto_protobuf_contrib_immutablejs_protos_Base, !proto_im_ListView<!proto_im_ByteString>>}
 */
Primitives.repeatedByteStringExtension =
    proto_im_InternalMessage.ExtensionFieldInfo
        .createRepeatedByteStringExtension(142);

/**
 * @const {!proto_im_Message.ExtensionFieldInfo<!improto_protobuf_contrib_immutablejs_protos_Base, !proto_im_ListView<!number>>}
 */
Primitives.repeatedInt32Extension =
    proto_im_InternalMessage.ExtensionFieldInfo.createRepeatedIntExtension(143);

/**
 * @const {!proto_im_Message.ExtensionFieldInfo<!improto_protobuf_contrib_immutablejs_protos_Base, !proto_im_ListView<!goog_math_Long>>}
 */
Primitives.repeatedInt64Extension = proto_im_InternalMessage.ExtensionFieldInfo
                                        .createRepeatedInt52LongExtension(144);

/**
 * @const {!proto_im_Message.ExtensionFieldInfo<!improto_protobuf_contrib_immutablejs_protos_Base, !proto_im_ListView<!string>>}
 */
Primitives.repeatedStringExtension =
    proto_im_InternalMessage.ExtensionFieldInfo.createRepeatedStringExtension(
        145);

/**
 * @const {!proto_im_Message.ExtensionFieldInfo<!improto_protobuf_contrib_immutablejs_protos_Base, !proto_im_ListView<!number>>}
 */
Primitives.repeatedDoubleExtension =
    proto_im_InternalMessage.ExtensionFieldInfo.createRepeatedDoubleExtension(
        146);

/**
 * @const {!proto_im_Message.ExtensionFieldInfo<!improto_protobuf_contrib_immutablejs_protos_Base, !proto_im_ListView<!number>>}
 */
Primitives.repeatedFloatExtension =
    proto_im_InternalMessage.ExtensionFieldInfo.createRepeatedDoubleExtension(
        147);

/**
 * @const {!proto_im_Message.ExtensionFieldInfo<!improto_protobuf_contrib_immutablejs_protos_Base, !proto_im_ListView<!improto_protobuf_contrib_immutablejs_protos_TestEnum>>}
 */
Primitives.repeatedEnumExtension =
    proto_im_InternalMessage.ExtensionFieldInfo.createRepeatedIntExtension(148);

// Extensions end

/**
 * @override
 * @struct
 * @final
 * @extends {proto_im_InternalMessage.Builder<!Primitives, !Primitives.Builder>}
 */
Primitives.Builder = class extends proto_im_InternalMessage.Builder {
  /**
   * @param {!Primitives} message
   * @private
   */
  constructor(message) {
    super(message);
  }

  /**
   * @return {boolean}
   */
  hasPayload() {
    return this.message.hasPayload();
  }

  /**
   *
   * @return {!string}
   */
  getPayload() {
    return this.message.getPayload();
  }

  /**
   *
   * @param {!string} value
   * @return {!Primitives.Builder}
   */
  setPayload(value) {
    return this.internal_setStringField(2, value);
  }

  /**
   * @return {!Primitives.Builder}
   */
  clearPayload() {
    return this.internal_clearField(2);
  }
}



exports = Primitives;
