
// Generated code DO NOT EDIT
// Generated by
// //java/com/google/protobuf/contrib/immutablejs/generator:ImmutableJspbCompiler

goog.module('improto.protobuf.contrib.immutablejs.protos.TestEnum');

/**
 *
 * @enum {number}
 */
const TestEnum = {
  DEFAULT: 0,
  GREEN: 1,
  BLUE: 2,
  RED: 3
};

exports = TestEnum;
