
/**
 * @fileoverview
 * @suppress {lateProvide}
 *
 * Generated code DO NOT EDIT
 * Generated by
 * //java/com/google/protobuf/contrib/immutablejs/generator:ImmutableJspbCompiler
 */
goog.module('improto.protobuf.contrib.immutablejs.protos.Recursive');

const proto_im_InternalMessage = goog.require('proto.im.internal.InternalMessage');
const proto_im_Message = goog.require('proto.im.Message');
const improto_protobuf_contrib_immutablejs_protos_Base = goog.require('improto.protobuf.contrib.immutablejs.protos.Base');
const proto_im_ListView = goog.require('proto.im.ListView');

/**
 *
 * @struct
 * @final
 * @extends {proto_im_InternalMessage<!Recursive, !Recursive.Builder>}
 */
class Recursive extends proto_im_InternalMessage {
  /**
   * Parses the json as a message of type Recursive.
   * @param {string} json
   * @return {!Recursive}
   */
  static parse(json) {
    return proto_im_InternalMessage.parseBase(Recursive, json);
  }

  /**
   * Returns a builder for this message.
   * @param {!Recursive=} message
   * @return {!Recursive.Builder}
   */
  static newBuilder(message = Recursive.getDefaultInstance()) {
    return new Recursive.Builder(message);
  }

  /**
   * Returns the default instance for this message.
   * @return {!Recursive}
   */
  static getDefaultInstance() {
    return proto_im_InternalMessage.getDefaultInstanceForMessage(Recursive);
  }

  /**
   * @param {!Array<?>} data The array holding protobuf data.
   * @private
   */
  constructor(data) {
    super(data, -1, 0);
  }

  /**
   * Constructs a builder initialized with the current message.
   * @return {!Recursive.Builder}
   * @override
   */
  toBuilder() {
    return new Recursive.Builder(this);
  }


  /**
   * @return {boolean}
   */
  hasPayload() {
    return this.internal_hasField(3);
  }

  /**
   *
   * @return {!string}
   */
  getPayload() {
    return this.internal_getStringField(3);
  }
}


// Extensions start

/**
 * @const {!proto_im_Message.ExtensionFieldInfo<!improto_protobuf_contrib_immutablejs_protos_Base, !improto_protobuf_contrib_immutablejs_protos_Base>}
 */
Recursive.recursiveOptional =
    proto_im_InternalMessage.ExtensionFieldInfo.createSingleMessageExtension(
        180, improto_protobuf_contrib_immutablejs_protos_Base);

/**
 * @const {!proto_im_Message.ExtensionFieldInfo<!improto_protobuf_contrib_immutablejs_protos_Base, !proto_im_ListView<!improto_protobuf_contrib_immutablejs_protos_Base>>}
 */
Recursive.recursiveRepeated =
    proto_im_InternalMessage.ExtensionFieldInfo.createRepeatedMessageExtension(
        181, improto_protobuf_contrib_immutablejs_protos_Base);

// Extensions end

/**
 * @override
 * @struct
 * @final
 * @extends {proto_im_InternalMessage.Builder<!Recursive, !Recursive.Builder>}
 */
Recursive.Builder = class extends proto_im_InternalMessage.Builder {
  /**
   * @param {!Recursive} message
   * @private
   */
  constructor(message) {
    super(message);
  }

  /**
   * @return {boolean}
   */
  hasPayload() {
    return this.message.hasPayload();
  }

  /**
   *
   * @return {!string}
   */
  getPayload() {
    return this.message.getPayload();
  }

  /**
   *
   * @param {!string} value
   * @return {!Recursive.Builder}
   */
  setPayload(value) {
    return this.internal_setStringField(3, value);
  }

  /**
   * @return {!Recursive.Builder}
   */
  clearPayload() {
    return this.internal_clearField(3);
  }
}



exports = Recursive;
