
/**
 * @fileoverview
 * @suppress {lateProvide}
 *
 * Generated code DO NOT EDIT
 * Generated by
 * //java/com/google/protobuf/contrib/immutablejs/generator:ImmutableJspbCompiler
 */
goog.module('improto.protobuf.contrib.immutablejs.protos.extensions');

const proto_im_InternalMessage = goog.require('proto.im.internal.InternalMessage');
const proto_im_Message = goog.require('proto.im.Message');
const improto_protobuf_contrib_immutablejs_protos_Base = goog.require('improto.protobuf.contrib.immutablejs.protos.Base');
const proto_im_ListView = goog.require('proto.im.ListView');

const module = {};

/**
 * @const {!proto_im_Message.ExtensionFieldInfo<!improto_protobuf_contrib_immutablejs_protos_Base, !string>}
 */
module.standaloneStringExtension =
    proto_im_InternalMessage.ExtensionFieldInfo.createSingleStringExtension(
        200);

/**
 * @const {!proto_im_Message.ExtensionFieldInfo<!improto_protobuf_contrib_immutablejs_protos_Base, !proto_im_ListView<!number>>}
 */
module.standaloneDoubleExtension =
    proto_im_InternalMessage.ExtensionFieldInfo.createRepeatedDoubleExtension(
        201);


exports = module;
