/**
 * @fileoverview
 * @suppress {lateProvide}
 *
 * Generated code DO NOT EDIT
 * Generated by
 * //java/com/google/protobuf/contrib/immutablejs/generator:ImmutableJspbCompiler
 */
goog.module('improto.protobuf.contrib.immutablejs.protos.Base');

const proto_im_InternalMessage = goog.require('proto.im.internal.InternalMessage');
const proto_im_Message = goog.require('proto.im.Message');
const goog_math_Long = goog.require('goog.math.Long');
const proto_im_ListView = goog.require('proto.im.ListView');

/**
 *
 * @struct
 * @final
 * @extends {proto_im_InternalMessage<!Base, !Base.Builder>}
 */
class Base extends proto_im_InternalMessage {
  /**
   * Parses the json as a message of type Base.
   * @param {string} json
   * @return {!Base}
   */
  static parse(json) {
    return proto_im_InternalMessage.parseBase(Base, json);
  }

  /**
   * Returns a builder for this message.
   * @param {!Base=} message
   * @return {!Base.Builder}
   */
  static newBuilder(message = Base.getDefaultInstance()) {
    return new Base.Builder(message);
  }

  /**
   * Returns the default instance for this message.
   * @return {!Base}
   */
  static getDefaultInstance() {
    return proto_im_InternalMessage.getDefaultInstanceForMessage(Base);
  }

  /**
   * @param {!Array<?>} data The array holding protobuf data.
   * @private
   */
  constructor(data) {
    super(data, 10, 0);
  }

  /**
   * Constructs a builder initialized with the current message.
   * @return {!Base.Builder}
   * @override
   */
  toBuilder() {
    return new Base.Builder(this);
  }

  /**
   * @return {boolean}
   */
  hasOptionalLong() {
    return this.internal_hasField(1);
  }

  /**
   *
   * @return {!goog_math_Long}
   */
  getOptionalLong() {
    return this.internal_getInt52LongField(1);
  }

  /**
   * @return {number}
   */
  getRepeatedStringCount() {
    return this.internal_getRepeatedFieldCount(3);
  }

  /**
   * @param {number} index
   * @return {!string}
   */
  getRepeatedString(index) {
    return this.internal_getStringElement(3, index);
  }

  /**
   *
   * @return {!proto_im_ListView<!string>}
   */
  getRepeatedStringList() {
    return this.internal_getRepeatedStringField(3);
  }

  /**
   * @return {boolean}
   */
  hasOptionalEnum() {
    return this.internal_hasField(4);
  }

  /**
   *
   * @return {!Base.EmotionalState}
   */
  getOptionalEnum() {
    return /** @type {!Base.EmotionalState} */ (
        this.internal_getIntFieldWithDefault(4, 1));
  }

  /**
   * @return {boolean}
   */
  hasOptionalInt() {
    return this.internal_hasField(5);
  }

  /**
   *
   * @return {!number}
   */
  getOptionalInt() {
    return this.internal_getIntField(5);
  }

  /**
   * @return {boolean}
   */
  hasOptionalMessage() {
    return this.internal_hasField(6);
  }

  /**
   *
   * @return {!Base}
   */
  getOptionalMessage() {
    return this.internal_getMessageField(6, Base);
  }

  /**
   * @return {number}
   */
  getRepeatedMessageCount() {
    return this.internal_getRepeatedFieldCount(7);
  }

  /**
   * @param {number} index
   * @return {!Base}
   */
  getRepeatedMessage(index) {
    return this.internal_getMessageElement(7, index, Base);
  }

  /**
   *
   * @return {!proto_im_ListView<!Base>}
   */
  getRepeatedMessageList() {
    return this.internal_getRepeatedMessageField(7, Base);
  }

  /**
   * @return {boolean}
   */
  hasOptionalBool() {
    return this.internal_hasField(8);
  }

  /**
   *
   * @return {!boolean}
   */
  getOptionalBool() {
    return this.internal_getBooleanField(8);
  }

  /**
   * @return {number}
   */
  getRepeatedBoolCount() {
    return this.internal_getRepeatedFieldCount(9);
  }

  /**
   * @param {number} index
   * @return {!boolean}
   */
  getRepeatedBool(index) {
    return this.internal_getBooleanElement(9, index);
  }

  /**
   *
   * @return {!proto_im_ListView<!boolean>}
   */
  getRepeatedBoolList() {
    return this.internal_getRepeatedBooleanField(9);
  }
}


// Extensions start
// Extensions end

/**
 * @override
 * @struct
 * @final
 * @extends {proto_im_InternalMessage.Builder<!Base, !Base.Builder>}
 */
Base.Builder = class extends proto_im_InternalMessage.Builder {
  /**
   * @param {!Base} message
   * @private
   */
  constructor(message) {
    super(message);
  }

  /**
   * @return {boolean}
   */
  hasOptionalLong() {
    return this.message.hasOptionalLong();
  }

  /**
   *
   * @return {!goog_math_Long}
   */
  getOptionalLong() {
    return this.message.getOptionalLong();
  }

  /**
   *
   * @param {!goog_math_Long} value
   * @return {!Base.Builder}
   */
  setOptionalLong(value) {
    return this.internal_setInt52LongField(1, value);
  }

  /**
   * @return {!Base.Builder}
   */
  clearOptionalLong() {
    return this.internal_clearField(1);
  }
  /**
   * @return {number}
   */
  getRepeatedStringCount() {
    return this.message.getRepeatedStringCount();
  }

  /**
   * @param {number} index
   * @return {!string}
   */
  getRepeatedString(index) {
    return this.message.getRepeatedString(index);
  }

  /**
   *
   * @return {!proto_im_ListView<!string>}
   */
  getRepeatedStringList() {
    return this.message.getRepeatedStringList();
  }

  /**
   * @param {number} index
   * @param {!string} value
   * @return {!Base.Builder}
   */
  setRepeatedString(index, value) {
    return this.internal_setStringElement(3, index, value);
  }

  /**
   *
   * @param {!string} value
   * @return {!Base.Builder}
   */
  addRepeatedString(value) {
    return this.internal_addStringElement(3, value);
  }

  /**
   *
   * @param {!Iterable<!string>} values
   * @return {!Base.Builder}
   */
  addAllRepeatedString(values) {
    return this.internal_addAllStringElements(3, values);
  }

  /**
   * @return {!Base.Builder}
   */
  clearRepeatedString() {
    return this.internal_clearField(3);
  }
  /**
   * @return {boolean}
   */
  hasOptionalEnum() {
    return this.message.hasOptionalEnum();
  }

  /**
   *
   * @return {!Base.EmotionalState}
   */
  getOptionalEnum() {
    return this.message.getOptionalEnum();
  }

  /**
   *
   * @param {!Base.EmotionalState} value
   * @return {!Base.Builder}
   */
  setOptionalEnum(value) {
    return this.internal_setIntField(4, value);
  }

  /**
   * @return {!Base.Builder}
   */
  clearOptionalEnum() {
    return this.internal_clearField(4);
  }
  /**
   * @return {boolean}
   */
  hasOptionalInt() {
    return this.message.hasOptionalInt();
  }

  /**
   *
   * @return {!number}
   */
  getOptionalInt() {
    return this.message.getOptionalInt();
  }

  /**
   *
   * @param {!number} value
   * @return {!Base.Builder}
   */
  setOptionalInt(value) {
    return this.internal_setIntField(5, value);
  }

  /**
   * @return {!Base.Builder}
   */
  clearOptionalInt() {
    return this.internal_clearField(5);
  }
  /**
   * @return {boolean}
   */
  hasOptionalMessage() {
    return this.message.hasOptionalMessage();
  }

  /**
   *
   * @return {!Base}
   */
  getOptionalMessage() {
    return this.message.getOptionalMessage();
  }

  /**
   *
   * @param {!Base|!Base.Builder} value
   * @return {!Base.Builder}
   */
  setOptionalMessage(value) {
    return this.internal_setMessageField(6, value);
  }

  /**
   * @return {!Base.Builder}
   */
  clearOptionalMessage() {
    return this.internal_clearField(6);
  }
  /**
   * @return {number}
   */
  getRepeatedMessageCount() {
    return this.message.getRepeatedMessageCount();
  }

  /**
   * @param {number} index
   * @return {!Base}
   */
  getRepeatedMessage(index) {
    return this.message.getRepeatedMessage(index);
  }

  /**
   *
   * @return {!proto_im_ListView<!Base>}
   */
  getRepeatedMessageList() {
    return this.message.getRepeatedMessageList();
  }

  /**
   * @param {number} index
   * @param {!Base|!Base.Builder} value
   * @return {!Base.Builder}
   */
  setRepeatedMessage(index, value) {
    return this.internal_setMessageElement(7, index, value);
  }

  /**
   *
   * @param {!Base|!Base.Builder} value
   * @return {!Base.Builder}
   */
  addRepeatedMessage(value) {
    return this.internal_addMessageElement(7, value);
  }

  /**
   *
   * @param {!Iterable<!Base>|!Iterable<!Base.Builder>} values
   * @return {!Base.Builder}
   */
  addAllRepeatedMessage(values) {
    return this.internal_addAllMessageElements(7, values);
  }

  /**
   * @return {!Base.Builder}
   */
  clearRepeatedMessage() {
    return this.internal_clearField(7);
  }
  /**
   * @return {boolean}
   */
  hasOptionalBool() {
    return this.message.hasOptionalBool();
  }

  /**
   *
   * @return {!boolean}
   */
  getOptionalBool() {
    return this.message.getOptionalBool();
  }

  /**
   *
   * @param {!boolean} value
   * @return {!Base.Builder}
   */
  setOptionalBool(value) {
    return this.internal_setBooleanField(8, value);
  }

  /**
   * @return {!Base.Builder}
   */
  clearOptionalBool() {
    return this.internal_clearField(8);
  }
  /**
   * @return {number}
   */
  getRepeatedBoolCount() {
    return this.message.getRepeatedBoolCount();
  }

  /**
   * @param {number} index
   * @return {!boolean}
   */
  getRepeatedBool(index) {
    return this.message.getRepeatedBool(index);
  }

  /**
   *
   * @return {!proto_im_ListView<!boolean>}
   */
  getRepeatedBoolList() {
    return this.message.getRepeatedBoolList();
  }

  /**
   * @param {number} index
   * @param {!boolean} value
   * @return {!Base.Builder}
   */
  setRepeatedBool(index, value) {
    return this.internal_setBooleanElement(9, index, value);
  }

  /**
   *
   * @param {!boolean} value
   * @return {!Base.Builder}
   */
  addRepeatedBool(value) {
    return this.internal_addBooleanElement(9, value);
  }

  /**
   *
   * @param {!Iterable<!boolean>} values
   * @return {!Base.Builder}
   */
  addAllRepeatedBool(values) {
    return this.internal_addAllBooleanElements(9, values);
  }

  /**
   * @return {!Base.Builder}
   */
  clearRepeatedBool() {
    return this.internal_clearField(9);
  }
}



/**
 *
 * @enum {number}
 */
Base.EmotionalState = {
  UNKNOWN: 0,
  HAPPY: 1,
  SAD: 2
};


exports = Base;
