/**
 * @fileoverview
 * @suppress {lateProvide}
 *
 * Generated code DO NOT EDIT
 * Generated by
 * //java/com/google/protobuf/contrib/immutablejs/generator:ImmutableJspbCompiler
 */
goog.module('improto.javatests.com.google.protobuf.contrib.j2cl.protos.MyMessage');

const proto_im_InternalMessage = goog.require('proto.im.internal.InternalMessage');
const proto_im_Message = goog.require('proto.im.Message');

/**
 *
 * @struct
 * @final
 * @extends {proto_im_InternalMessage<!MyMessage, !MyMessage.Builder>}
 */
class MyMessage extends proto_im_InternalMessage {
  /**
   * Parses the json as a message of type MyMessage.
   * @param {string} json
   * @return {!MyMessage}
   */
  static parse(json) {
    return proto_im_InternalMessage.parseBase(MyMessage, json);
  }

  /**
   * Returns a builder for this message.
   * @param {!MyMessage=} message
   * @return {!MyMessage.Builder}
   */
  static newBuilder(message = MyMessage.getDefaultInstance()) {
    return new MyMessage.Builder(message);
  }

  /**
   * Returns the default instance for this message.
   * @return {!MyMessage}
   */
  static getDefaultInstance() {
    return proto_im_InternalMessage.getDefaultInstanceForMessage(MyMessage);
  }

  /**
   * @param {!Array<?>} data The array holding protobuf data.
   * @private
   */
  constructor(data) {
    super(data, 5, 0);
  }

  /**
   * Constructs a builder initialized with the current message.
   * @return {!MyMessage.Builder}
   * @override
   */
  toBuilder() {
    return new MyMessage.Builder(this);
  }

  /**
   * @return {boolean}
   */
  hasClass_() {
    return this.internal_hasField(1);
  }

  /**
   *
   * @return {!string}
   */
  getClass_() {
    return this.internal_getStringField(1);
  }

  /**
   * @return {boolean}
   */
  hasCachedSize_() {
    return this.internal_hasField(2);
  }

  /**
   *
   * @return {!string}
   */
  getCachedSize_() {
    return this.internal_getStringField(2);
  }

  /**
   * @return {boolean}
   */
  hasSerializedSize_() {
    return this.internal_hasField(3);
  }

  /**
   *
   * @return {!string}
   */
  getSerializedSize_() {
    return this.internal_getStringField(3);
  }

  /**
   * @return {boolean}
   */
  hasExtension_() {
    return this.internal_hasField(4);
  }

  /**
   *
   * @return {!string}
   */
  getExtension_() {
    return this.internal_getStringField(4);
  }
}


// Extensions start
// Extensions end

/**
 * @override
 * @struct
 * @final
 * @extends {proto_im_InternalMessage.Builder<!MyMessage, !MyMessage.Builder>}
 */
MyMessage.Builder = class extends proto_im_InternalMessage.Builder {
  /**
   * @param {!MyMessage} message
   * @private
   */
  constructor(message) {
    super(message);
  }

  /**
   * @return {boolean}
   */
  hasClass_() {
    return this.message.hasClass_();
  }

  /**
   *
   * @return {!string}
   */
  getClass_() {
    return this.message.getClass_();
  }

  /**
   *
   * @param {!string} value
   * @return {!MyMessage.Builder}
   */
  setClass_(value) {
    return this.internal_setStringField(1, value);
  }

  /**
   * @return {!MyMessage.Builder}
   */
  clearClass_() {
    return this.internal_clearField(1);
  }
  /**
   * @return {boolean}
   */
  hasCachedSize_() {
    return this.message.hasCachedSize_();
  }

  /**
   *
   * @return {!string}
   */
  getCachedSize_() {
    return this.message.getCachedSize_();
  }

  /**
   *
   * @param {!string} value
   * @return {!MyMessage.Builder}
   */
  setCachedSize_(value) {
    return this.internal_setStringField(2, value);
  }

  /**
   * @return {!MyMessage.Builder}
   */
  clearCachedSize_() {
    return this.internal_clearField(2);
  }
  /**
   * @return {boolean}
   */
  hasSerializedSize_() {
    return this.message.hasSerializedSize_();
  }

  /**
   *
   * @return {!string}
   */
  getSerializedSize_() {
    return this.message.getSerializedSize_();
  }

  /**
   *
   * @param {!string} value
   * @return {!MyMessage.Builder}
   */
  setSerializedSize_(value) {
    return this.internal_setStringField(3, value);
  }

  /**
   * @return {!MyMessage.Builder}
   */
  clearSerializedSize_() {
    return this.internal_clearField(3);
  }
  /**
   * @return {boolean}
   */
  hasExtension_() {
    return this.message.hasExtension_();
  }

  /**
   *
   * @return {!string}
   */
  getExtension_() {
    return this.message.getExtension_();
  }

  /**
   *
   * @param {!string} value
   * @return {!MyMessage.Builder}
   */
  setExtension_(value) {
    return this.internal_setStringField(4, value);
  }

  /**
   * @return {!MyMessage.Builder}
   */
  clearExtension_() {
    return this.internal_clearField(4);
  }
}



exports = MyMessage;
