/**
 * @fileoverview
 * @suppress {lateProvide}
 *
 * Generated code DO NOT EDIT
 * Generated by
 * //java/com/google/protobuf/contrib/immutablejs/generator:ImmutableJspbCompiler
 */
goog.module('improto.javatests.com.google.protobuf.contrib.j2cl.protos.RepeatedExtensionField');

const proto_im_InternalMessage = goog.require('proto.im.internal.InternalMessage');
const proto_im_Message = goog.require('proto.im.Message');
const proto_im_ListView = goog.require('proto.im.ListView');

/**
 *
 * @struct
 * @final
 * @extends {proto_im_InternalMessage<!RepeatedExtensionField,
 * !RepeatedExtensionField.Builder>}
 */
class RepeatedExtensionField extends proto_im_InternalMessage {
  /**
   * Parses the json as a message of type RepeatedExtensionField.
   * @param {string} json
   * @return {!RepeatedExtensionField}
   */
  static parse(json) {
    return proto_im_InternalMessage.parseBase(RepeatedExtensionField, json);
  }

  /**
   * Returns a builder for this message.
   * @param {!RepeatedExtensionField=} message
   * @return {!RepeatedExtensionField.Builder}
   */
  static newBuilder(message = RepeatedExtensionField.getDefaultInstance()) {
    return new RepeatedExtensionField.Builder(message);
  }

  /**
   * Returns the default instance for this message.
   * @return {!RepeatedExtensionField}
   */
  static getDefaultInstance() {
    return proto_im_InternalMessage.getDefaultInstanceForMessage(
        RepeatedExtensionField);
  }

  /**
   * @param {!Array<?>} data The array holding protobuf data.
   * @private
   */
  constructor(data) {
    super(data, -1, 0);
  }

  /**
   * Constructs a builder initialized with the current message.
   * @return {!RepeatedExtensionField.Builder}
   * @override
   */
  toBuilder() {
    return new RepeatedExtensionField.Builder(this);
  }

  /**
   * @return {number}
   */
  getExtension_Count() {
    return this.internal_getRepeatedFieldCount(1);
  }

  /**
   * @param {number} index
   * @return {!string}
   */
  getExtension_(index) {
    return this.internal_getStringElement(1, index);
  }

  /**
   *
   * @return {!proto_im_ListView<!string>}
   */
  getExtension_List() {
    return this.internal_getRepeatedStringField(1);
  }

  /**
   * @return {number}
   */
  getClass_Count() {
    return this.internal_getRepeatedFieldCount(2);
  }

  /**
   * @param {number} index
   * @return {!string}
   */
  getClass_(index) {
    return this.internal_getStringElement(2, index);
  }

  /**
   *
   * @return {!proto_im_ListView<!string>}
   */
  getClass_List() {
    return this.internal_getRepeatedStringField(2);
  }
}


// Extensions start
// Extensions end

/**
 * @override
 * @struct
 * @final
 * @extends {proto_im_InternalMessage.Builder<!RepeatedExtensionField,
 * !RepeatedExtensionField.Builder>}
 */
RepeatedExtensionField.Builder =
    class extends proto_im_InternalMessage.Builder {
  /**
   * @param {!RepeatedExtensionField} message
   * @private
   */
  constructor(message) {
    super(message);
  }

  /**
   * @return {number}
   */
  getExtension_Count() {
    return this.message.getExtension_Count();
  }

  /**
   * @param {number} index
   * @return {!string}
   */
  getExtension_(index) {
    return this.message.getExtension_(index);
  }

  /**
   *
   * @return {!proto_im_ListView<!string>}
   */
  getExtension_List() {
    return this.message.getExtension_List();
  }

  /**
   * @param {number} index
   * @param {!string} value
   * @return {!RepeatedExtensionField.Builder}
   */
  setExtension_(index, value) {
    return this.internal_setStringElement(1, index, value);
  }

  /**
   *
   * @param {!string} value
   * @return {!RepeatedExtensionField.Builder}
   */
  addExtension_(value) {
    return this.internal_addStringElement(1, value);
  }

  /**
   *
   * @param {!Iterable<!string>} values
   * @return {!RepeatedExtensionField.Builder}
   */
  addAllExtension_(values) {
    return this.internal_addAllStringElements(1, values);
  }

  /**
   * @return {!RepeatedExtensionField.Builder}
   */
  clearExtension_() {
    return this.internal_clearField(1);
  }
  /**
   * @return {number}
   */
  getClass_Count() {
    return this.message.getClass_Count();
  }

  /**
   * @param {number} index
   * @return {!string}
   */
  getClass_(index) {
    return this.message.getClass_(index);
  }

  /**
   *
   * @return {!proto_im_ListView<!string>}
   */
  getClass_List() {
    return this.message.getClass_List();
  }

  /**
   * @param {number} index
   * @param {!string} value
   * @return {!RepeatedExtensionField.Builder}
   */
  setClass_(index, value) {
    return this.internal_setStringElement(2, index, value);
  }

  /**
   *
   * @param {!string} value
   * @return {!RepeatedExtensionField.Builder}
   */
  addClass_(value) {
    return this.internal_addStringElement(2, value);
  }

  /**
   *
   * @param {!Iterable<!string>} values
   * @return {!RepeatedExtensionField.Builder}
   */
  addAllClass_(values) {
    return this.internal_addAllStringElements(2, values);
  }

  /**
   * @return {!RepeatedExtensionField.Builder}
   */
  clearClass_() {
    return this.internal_clearField(2);
  }
}



exports = RepeatedExtensionField;
