
/**
 * @fileoverview
 * @suppress {lateProvide}
 *
 * Generated code DO NOT EDIT
 * Generated by
 * //java/com/google/protobuf/contrib/immutablejs/generator:ImmutableJspbCompiler
 */
goog.module('improto.javatests.com.google.protobuf.contrib.j2cl.protos.ambiguous_fields');

const proto_im_InternalMessage = goog.require('proto.im.internal.InternalMessage');
const proto_im_Message = goog.require('proto.im.Message');
const improto_javatests_com_google_protobuf_contrib_j2cl_protos_MyMessage = goog.require('improto.javatests.com.google.protobuf.contrib.j2cl.protos.MyMessage');

const module = {};

/**
 * @const {!proto_im_Message.ExtensionFieldInfo<!improto_javatests_com_google_protobuf_contrib_j2cl_protos_MyMessage, !string>}
 */
module.class_ =
    proto_im_InternalMessage.ExtensionFieldInfo.createSingleStringExtension(11);

/**
 * @const {!proto_im_Message.ExtensionFieldInfo<!improto_javatests_com_google_protobuf_contrib_j2cl_protos_MyMessage, !string>}
 */
module.extension_ =
    proto_im_InternalMessage.ExtensionFieldInfo.createSingleStringExtension(12);


exports = module;
