package com.google.protobuf.contrib.j2cl.protos;

@jsinterop.annotations.JsType(
    isNative = true,
    name = "proto_with_dashes.multiple_files",
    namespace = "improto.protobuf.contrib.j2cl.protos")
public final class ProtoWithDashesMultipleFiles {

  private ProtoWithDashesMultipleFiles() {}
}
