/**
 * @fileoverview
 * @suppress {lateProvide}
 *
 * Generated code DO NOT EDIT
 * Generated by
 * //java/com/google/protobuf/contrib/immutablejs/generator:ImmutableJspbCompiler
 */
goog.module('improto.protobuf.contrib.immutablejs.protos.TopLevel1');

const proto_im_InternalMessage = goog.require('proto.im.internal.InternalMessage');
const proto_im_Message = goog.require('proto.im.Message');
const improto_protobuf_contrib_immutablejs_protos_TopLevel2 = goog.require('improto.protobuf.contrib.immutablejs.protos.TopLevel2');
const improto_protobuf_contrib_immutablejs_protos_TopLevel3 = goog.require('improto.protobuf.contrib.immutablejs.protos.TopLevel3');

/**
 *
 * @struct
 * @final
 * @extends {proto_im_InternalMessage<!TopLevel1, !TopLevel1.Builder>}
 */
class TopLevel1 extends proto_im_InternalMessage {
  /**
   * Parses the json as a message of type TopLevel1.
   * @param {string} json
   * @return {!TopLevel1}
   */
  static parse(json) {
    return proto_im_InternalMessage.parseBase(TopLevel1, json);
  }

  /**
   * Returns a builder for this message.
   * @param {!TopLevel1=} message
   * @return {!TopLevel1.Builder}
   */
  static newBuilder(message = TopLevel1.getDefaultInstance()) {
    return new TopLevel1.Builder(message);
  }

  /**
   * Returns the default instance for this message.
   * @return {!TopLevel1}
   */
  static getDefaultInstance() {
    return proto_im_InternalMessage.getDefaultInstanceForMessage(TopLevel1);
  }

  /**
   * @param {!Array<?>} data The array holding protobuf data.
   * @private
   */
  constructor(data) {
    super(data, -1, 0);
  }

  /**
   * Constructs a builder initialized with the current message.
   * @return {!TopLevel1.Builder}
   * @override
   */
  toBuilder() {
    return new TopLevel1.Builder(this);
  }

  /**
   * @return {boolean}
   */
  hasTopLevel2Sub2First() {
    return this.internal_hasField(1);
  }

  /**
   *
   * @return {!improto_protobuf_contrib_immutablejs_protos_TopLevel2.Sub2First}
   */
  getTopLevel2Sub2First() {
    return this.internal_getMessageField(
        1,
        goog.module.get('improto.protobuf.contrib.immutablejs.protos.TopLevel2')
            .Sub2First);
  }

  /**
   * @return {boolean}
   */
  hasTopLevel2Sub2Second() {
    return this.internal_hasField(2);
  }

  /**
   *
   * @return {!improto_protobuf_contrib_immutablejs_protos_TopLevel2.Sub2Second}
   */
  getTopLevel2Sub2Second() {
    return /** @type {!improto_protobuf_contrib_immutablejs_protos_TopLevel2.Sub2Second} */ (this.internal_getIntFieldWithDefault(2, 0));
  }

  /**
   * @return {boolean}
   */
  hasTopLevel2() {
    return this.internal_hasField(3);
  }

  /**
   *
   * @return {!improto_protobuf_contrib_immutablejs_protos_TopLevel2}
   */
  getTopLevel2() {
    return this.internal_getMessageField(
        3,
        goog.module.get(
            'improto.protobuf.contrib.immutablejs.protos.TopLevel2'));
  }

  /**
   * @return {boolean}
   */
  hasTopLevel3() {
    return this.internal_hasField(4);
  }

  /**
   *
   * @return {!improto_protobuf_contrib_immutablejs_protos_TopLevel3}
   */
  getTopLevel3() {
    return /** @type {!improto_protobuf_contrib_immutablejs_protos_TopLevel3} */ (this.internal_getIntFieldWithDefault(4, 0));
  }

  /**
   * @return {boolean}
   */
  hasPayload() {
    return this.internal_hasField(5);
  }

  /**
   *
   * @return {!string}
   */
  getPayload() {
    return this.internal_getStringField(5);
  }
}


// Extensions start
// Extensions end

/**
 * @override
 * @struct
 * @final
 * @extends {proto_im_InternalMessage.Builder<!TopLevel1, !TopLevel1.Builder>}
 */
TopLevel1.Builder = class extends proto_im_InternalMessage.Builder {
  /**
   * @param {!TopLevel1} message
   * @private
   */
  constructor(message) {
    super(message);
  }

  /**
   * @return {boolean}
   */
  hasTopLevel2Sub2First() {
    return this.message.hasTopLevel2Sub2First();
  }

  /**
   *
   * @return {!improto_protobuf_contrib_immutablejs_protos_TopLevel2.Sub2First}
   */
  getTopLevel2Sub2First() {
    return this.message.getTopLevel2Sub2First();
  }

  /**
   *
   * @param {!improto_protobuf_contrib_immutablejs_protos_TopLevel2.Sub2First|!improto_protobuf_contrib_immutablejs_protos_TopLevel2.Sub2First.Builder}
   *     value
   * @return {!TopLevel1.Builder}
   */
  setTopLevel2Sub2First(value) {
    return this.internal_setMessageField(1, value);
  }

  /**
   * @return {!TopLevel1.Builder}
   */
  clearTopLevel2Sub2First() {
    return this.internal_clearField(1);
  }
  /**
   * @return {boolean}
   */
  hasTopLevel2Sub2Second() {
    return this.message.hasTopLevel2Sub2Second();
  }

  /**
   *
   * @return {!improto_protobuf_contrib_immutablejs_protos_TopLevel2.Sub2Second}
   */
  getTopLevel2Sub2Second() {
    return this.message.getTopLevel2Sub2Second();
  }

  /**
   *
   * @param {!improto_protobuf_contrib_immutablejs_protos_TopLevel2.Sub2Second}
   *     value
   * @return {!TopLevel1.Builder}
   */
  setTopLevel2Sub2Second(value) {
    return this.internal_setIntField(2, value);
  }

  /**
   * @return {!TopLevel1.Builder}
   */
  clearTopLevel2Sub2Second() {
    return this.internal_clearField(2);
  }
  /**
   * @return {boolean}
   */
  hasTopLevel2() {
    return this.message.hasTopLevel2();
  }

  /**
   *
   * @return {!improto_protobuf_contrib_immutablejs_protos_TopLevel2}
   */
  getTopLevel2() {
    return this.message.getTopLevel2();
  }

  /**
   *
   * @param {!improto_protobuf_contrib_immutablejs_protos_TopLevel2|!improto_protobuf_contrib_immutablejs_protos_TopLevel2.Builder}
   *     value
   * @return {!TopLevel1.Builder}
   */
  setTopLevel2(value) {
    return this.internal_setMessageField(3, value);
  }

  /**
   * @return {!TopLevel1.Builder}
   */
  clearTopLevel2() {
    return this.internal_clearField(3);
  }
  /**
   * @return {boolean}
   */
  hasTopLevel3() {
    return this.message.hasTopLevel3();
  }

  /**
   *
   * @return {!improto_protobuf_contrib_immutablejs_protos_TopLevel3}
   */
  getTopLevel3() {
    return this.message.getTopLevel3();
  }

  /**
   *
   * @param {!improto_protobuf_contrib_immutablejs_protos_TopLevel3} value
   * @return {!TopLevel1.Builder}
   */
  setTopLevel3(value) {
    return this.internal_setIntField(4, value);
  }

  /**
   * @return {!TopLevel1.Builder}
   */
  clearTopLevel3() {
    return this.internal_clearField(4);
  }
  /**
   * @return {boolean}
   */
  hasPayload() {
    return this.message.hasPayload();
  }

  /**
   *
   * @return {!string}
   */
  getPayload() {
    return this.message.getPayload();
  }

  /**
   *
   * @param {!string} value
   * @return {!TopLevel1.Builder}
   */
  setPayload(value) {
    return this.internal_setStringField(5, value);
  }

  /**
   * @return {!TopLevel1.Builder}
   */
  clearPayload() {
    return this.internal_clearField(5);
  }
}

/**
 *
 * @struct
 * @final
 * @extends {proto_im_InternalMessage<!TopLevel1.Sub2First,
 * !TopLevel1.Sub2First.Builder>}
 */
TopLevel1.Sub2First = class Sub2First extends proto_im_InternalMessage {
  /**
   * Parses the json as a message of type TopLevel1.Sub2First.
   * @param {string} json
   * @return {!TopLevel1.Sub2First}
   */
  static parse(json) {
    return proto_im_InternalMessage.parseBase(TopLevel1.Sub2First, json);
  }

  /**
   * Returns a builder for this message.
   * @param {!TopLevel1.Sub2First=} message
   * @return {!TopLevel1.Sub2First.Builder}
   */
  static newBuilder(message = TopLevel1.Sub2First.getDefaultInstance()) {
    return new TopLevel1.Sub2First.Builder(message);
  }

  /**
   * Returns the default instance for this message.
   * @return {!TopLevel1.Sub2First}
   */
  static getDefaultInstance() {
    return proto_im_InternalMessage.getDefaultInstanceForMessage(
        TopLevel1.Sub2First);
  }

  /**
   * @param {!Array<?>} data The array holding protobuf data.
   * @private
   */
  constructor(data) {
    super(data, -1, 0);
  }

  /**
   * Constructs a builder initialized with the current message.
   * @return {!TopLevel1.Sub2First.Builder}
   * @override
   */
  toBuilder() {
    return new TopLevel1.Sub2First.Builder(this);
  }

  /**
   * @return {boolean}
   */
  hasTopLevel2Sub2First() {
    return this.internal_hasField(1);
  }

  /**
   *
   * @return {!improto_protobuf_contrib_immutablejs_protos_TopLevel2.Sub2First}
   */
  getTopLevel2Sub2First() {
    return this.internal_getMessageField(
        1,
        goog.module.get('improto.protobuf.contrib.immutablejs.protos.TopLevel2')
            .Sub2First);
  }

  /**
   * @return {boolean}
   */
  hasPayload() {
    return this.internal_hasField(2);
  }

  /**
   *
   * @return {!string}
   */
  getPayload() {
    return this.internal_getStringField(2);
  }
}


// Extensions start
// Extensions end

/**
 * @override
 * @struct
 * @final
 * @extends {proto_im_InternalMessage.Builder<!TopLevel1.Sub2First,
 * !TopLevel1.Sub2First.Builder>}
 */
TopLevel1.Sub2First.Builder = class extends proto_im_InternalMessage.Builder {
  /**
   * @param {!TopLevel1.Sub2First} message
   * @private
   */
  constructor(message) {
    super(message);
  }

  /**
   * @return {boolean}
   */
  hasTopLevel2Sub2First() {
    return this.message.hasTopLevel2Sub2First();
  }

  /**
   *
   * @return {!improto_protobuf_contrib_immutablejs_protos_TopLevel2.Sub2First}
   */
  getTopLevel2Sub2First() {
    return this.message.getTopLevel2Sub2First();
  }

  /**
   *
   * @param {!improto_protobuf_contrib_immutablejs_protos_TopLevel2.Sub2First|!improto_protobuf_contrib_immutablejs_protos_TopLevel2.Sub2First.Builder}
   *     value
   * @return {!TopLevel1.Sub2First.Builder}
   */
  setTopLevel2Sub2First(value) {
    return this.internal_setMessageField(1, value);
  }

  /**
   * @return {!TopLevel1.Sub2First.Builder}
   */
  clearTopLevel2Sub2First() {
    return this.internal_clearField(1);
  }
  /**
   * @return {boolean}
   */
  hasPayload() {
    return this.message.hasPayload();
  }

  /**
   *
   * @return {!string}
   */
  getPayload() {
    return this.message.getPayload();
  }

  /**
   *
   * @param {!string} value
   * @return {!TopLevel1.Sub2First.Builder}
   */
  setPayload(value) {
    return this.internal_setStringField(2, value);
  }

  /**
   * @return {!TopLevel1.Sub2First.Builder}
   */
  clearPayload() {
    return this.internal_clearField(2);
  }
}



exports = TopLevel1;
