
// Generated code DO NOT EDIT
// Generated by
// //java/com/google/protobuf/contrib/immutablejs/generator:ImmutableJspbCompiler

goog.module('improto.protobuf.contrib.immutablejs.protos.TopLevel3');

/**
 *
 * @enum {number}
 */
const TopLevel3 = {
  UNKNOWN: 0,
  ONE: 1,
  TWO: 2
};

exports = TopLevel3;
