
/**
 * @fileoverview
 * @suppress {lateProvide}
 *
 * Generated code DO NOT EDIT
 * Generated by
 * //java/com/google/protobuf/contrib/immutablejs/generator:ImmutableJspbCompiler
 */
goog.module('improto.protobuf.contrib.immutablejs.protos.TopLevel2');

const proto_im_InternalMessage = goog.require('proto.im.internal.InternalMessage');
const proto_im_Message = goog.require('proto.im.Message');
const improto_protobuf_contrib_immutablejs_protos_TopLevel1 = goog.require('improto.protobuf.contrib.immutablejs.protos.TopLevel1');

/**
 *
 * @struct
 * @final
 * @extends {proto_im_InternalMessage<!TopLevel2, !TopLevel2.Builder>}
 */
class TopLevel2 extends proto_im_InternalMessage {
  /**
   * Parses the json as a message of type TopLevel2.
   * @param {string} json
   * @return {!TopLevel2}
   */
  static parse(json) {
    return proto_im_InternalMessage.parseBase(TopLevel2, json);
  }

  /**
   * Returns a builder for this message.
   * @param {!TopLevel2=} message
   * @return {!TopLevel2.Builder}
   */
  static newBuilder(message = TopLevel2.getDefaultInstance()) {
    return new TopLevel2.Builder(message);
  }

  /**
   * Returns the default instance for this message.
   * @return {!TopLevel2}
   */
  static getDefaultInstance() {
    return proto_im_InternalMessage.getDefaultInstanceForMessage(TopLevel2);
  }

  /**
   * @param {!Array<?>} data The array holding protobuf data.
   * @private
   */
  constructor(data) {
    super(data, -1, 0);
  }

  /**
   * Constructs a builder initialized with the current message.
   * @return {!TopLevel2.Builder}
   * @override
   */
  toBuilder() {
    return new TopLevel2.Builder(this);
  }


  /**
   * @return {boolean}
   */
  hasTopLevel1Sub2First() {
    return this.internal_hasField(1);
  }

  /**
   *
   * @return {!improto_protobuf_contrib_immutablejs_protos_TopLevel1.Sub2First}
   */
  getTopLevel1Sub2First() {
    return this.internal_getMessageField(
        1,
        goog.module.get('improto.protobuf.contrib.immutablejs.protos.TopLevel1')
            .Sub2First);
  }


  /**
   * @return {boolean}
   */
  hasPayload() {
    return this.internal_hasField(2);
  }

  /**
   *
   * @return {!string}
   */
  getPayload() {
    return this.internal_getStringField(2);
  }
}


// Extensions start

// Extensions end

/**
 * @override
 * @struct
 * @final
 * @extends {proto_im_InternalMessage.Builder<!TopLevel2, !TopLevel2.Builder>}
 */
TopLevel2.Builder = class extends proto_im_InternalMessage.Builder {
  /**
   * @param {!TopLevel2} message
   * @private
   */
  constructor(message) {
    super(message);
  }

  /**
   * @return {boolean}
   */
  hasTopLevel1Sub2First() {
    return this.message.hasTopLevel1Sub2First();
  }

  /**
   *
   * @return {!improto_protobuf_contrib_immutablejs_protos_TopLevel1.Sub2First}
   */
  getTopLevel1Sub2First() {
    return this.message.getTopLevel1Sub2First();
  }

  /**
   *
   * @param {!improto_protobuf_contrib_immutablejs_protos_TopLevel1.Sub2First|!improto_protobuf_contrib_immutablejs_protos_TopLevel1.Sub2First.Builder}
   *     value
   * @return {!TopLevel2.Builder}
   */
  setTopLevel1Sub2First(value) {
    return this.internal_setMessageField(1, value);
  }

  /**
   * @return {!TopLevel2.Builder}
   */
  clearTopLevel1Sub2First() {
    return this.internal_clearField(1);
  }
  /**
   * @return {boolean}
   */
  hasPayload() {
    return this.message.hasPayload();
  }

  /**
   *
   * @return {!string}
   */
  getPayload() {
    return this.message.getPayload();
  }

  /**
   *
   * @param {!string} value
   * @return {!TopLevel2.Builder}
   */
  setPayload(value) {
    return this.internal_setStringField(2, value);
  }

  /**
   * @return {!TopLevel2.Builder}
   */
  clearPayload() {
    return this.internal_clearField(2);
  }
}

/**
 *
 * @struct
 * @final
 * @extends {proto_im_InternalMessage<!TopLevel2.Sub2First,
 * !TopLevel2.Sub2First.Builder>}
 */
TopLevel2.Sub2First = class Sub2First extends proto_im_InternalMessage {
  /**
   * Parses the json as a message of type TopLevel2.Sub2First.
   * @param {string} json
   * @return {!TopLevel2.Sub2First}
   */
  static parse(json) {
    return proto_im_InternalMessage.parseBase(TopLevel2.Sub2First, json);
  }

  /**
   * Returns a builder for this message.
   * @param {!TopLevel2.Sub2First=} message
   * @return {!TopLevel2.Sub2First.Builder}
   */
  static newBuilder(message = TopLevel2.Sub2First.getDefaultInstance()) {
    return new TopLevel2.Sub2First.Builder(message);
  }

  /**
   * Returns the default instance for this message.
   * @return {!TopLevel2.Sub2First}
   */
  static getDefaultInstance() {
    return proto_im_InternalMessage.getDefaultInstanceForMessage(
        TopLevel2.Sub2First);
  }

  /**
   * @param {!Array<?>} data The array holding protobuf data.
   * @private
   */
  constructor(data) {
    super(data, -1, 0);
  }

  /**
   * Constructs a builder initialized with the current message.
   * @return {!TopLevel2.Sub2First.Builder}
   * @override
   */
  toBuilder() {
    return new TopLevel2.Sub2First.Builder(this);
  }


  /**
   * @return {boolean}
   */
  hasTopLevel1Sub2First() {
    return this.internal_hasField(1);
  }

  /**
   *
   * @return {!improto_protobuf_contrib_immutablejs_protos_TopLevel1.Sub2First}
   */
  getTopLevel1Sub2First() {
    return this.internal_getMessageField(
        1,
        goog.module.get('improto.protobuf.contrib.immutablejs.protos.TopLevel1')
            .Sub2First);
  }


  /**
   * @return {boolean}
   */
  hasPayload() {
    return this.internal_hasField(2);
  }

  /**
   *
   * @return {!string}
   */
  getPayload() {
    return this.internal_getStringField(2);
  }
}


// Extensions start

// Extensions end

/**
 * @override
 * @struct
 * @final
 * @extends {proto_im_InternalMessage.Builder<!TopLevel2.Sub2First,
 * !TopLevel2.Sub2First.Builder>}
 */
TopLevel2.Sub2First.Builder = class extends proto_im_InternalMessage.Builder {
  /**
   * @param {!TopLevel2.Sub2First} message
   * @private
   */
  constructor(message) {
    super(message);
  }

  /**
   * @return {boolean}
   */
  hasTopLevel1Sub2First() {
    return this.message.hasTopLevel1Sub2First();
  }

  /**
   *
   * @return {!improto_protobuf_contrib_immutablejs_protos_TopLevel1.Sub2First}
   */
  getTopLevel1Sub2First() {
    return this.message.getTopLevel1Sub2First();
  }

  /**
   *
   * @param {!improto_protobuf_contrib_immutablejs_protos_TopLevel1.Sub2First|!improto_protobuf_contrib_immutablejs_protos_TopLevel1.Sub2First.Builder}
   *     value
   * @return {!TopLevel2.Sub2First.Builder}
   */
  setTopLevel1Sub2First(value) {
    return this.internal_setMessageField(1, value);
  }

  /**
   * @return {!TopLevel2.Sub2First.Builder}
   */
  clearTopLevel1Sub2First() {
    return this.internal_clearField(1);
  }
  /**
   * @return {boolean}
   */
  hasPayload() {
    return this.message.hasPayload();
  }

  /**
   *
   * @return {!string}
   */
  getPayload() {
    return this.message.getPayload();
  }

  /**
   *
   * @param {!string} value
   * @return {!TopLevel2.Sub2First.Builder}
   */
  setPayload(value) {
    return this.internal_setStringField(2, value);
  }

  /**
   * @return {!TopLevel2.Sub2First.Builder}
   */
  clearPayload() {
    return this.internal_clearField(2);
  }
}



/**
 *
 * @enum {number}
 */
TopLevel2.Sub2Second = {
  UNKNOWN: 0,
  ONE: 1,
  TWO: 2
};


exports = TopLevel2;
