package com.google.protobuf.contrib.j2cl.protos;

public enum DenseEnum implements com.google.protobuf.ProtocolMessageEnum {
  DEFAULT(0),
  ONE(1),
  TWO(2),
  THREE(3),
  FOUR(4),
  FIVE(5),
  SIX(6);

  DenseEnum(int value) {
    this.value = value;
  }

  private static DenseEnum[] cachedValues;

  public static final DenseEnum forNumber(int i) {
    if (cachedValues == null) {
      cachedValues = values();
    }
    return cachedValues[i];
  }

  private int value;

  public final int getNumber() {
    return value;
  }

  public static final int DEFAULT_VALUE = 0;

  public static final int ONE_VALUE = 1;

  public static final int TWO_VALUE = 2;

  public static final int THREE_VALUE = 3;

  public static final int FOUR_VALUE = 4;

  public static final int FIVE_VALUE = 5;

  public static final int SIX_VALUE = 6;

  // DO NOT REFER TO FROM NON GENERATED CODE! SUBJECT TO CHANGE!
  // Native closure enum representation
  @jsinterop.annotations.JsType(
      isNative = true,
      name = "DenseEnum",
      namespace = "improto.protobuf.contrib.j2cl.protos")
  public static final class Internal_ClosureEnum {
    @jsinterop.annotations.JsOverlay
    public static final Internal_ClosureEnum toClosureValue(DenseEnum enumInstance) {
      return jsinterop.base.Js.uncheckedCast((double) enumInstance.getNumber());
    }

    @jsinterop.annotations.JsOverlay
    public static final DenseEnum toEnum(Object closureEnum) {
      int i = jsinterop.base.Js.asInt(closureEnum);
      DenseEnum value = DenseEnum.forNumber(i);
      return value == null ? DEFAULT : value;
    }
  }
}
