package com.google.protobuf.contrib.j2cl.protos;

@jsinterop.annotations.JsEnum(
    isNative = true,
    name = "NativeEnum",
    namespace = "improto.protobuf.contrib.j2cl.protos",
    hasCustomValue = true)
public enum NativeEnum {
  NATIVE_ONE,
  NATIVE_TWO,
  NATIVE_THREE;

  @jsinterop.annotations.JsOverlay
  public static final NativeEnum forNumber(int i) {
    return jsinterop.base.Js.uncheckedCast((double) i);
  }

  private int value;

  @jsinterop.annotations.JsOverlay
  public final int getNumber() {
    return value;
  }

  @jsinterop.annotations.JsOverlay public static final int NATIVE_ONE_VALUE = 1;
  @jsinterop.annotations.JsOverlay public static final int NATIVE_TWO_VALUE = 2;
  @jsinterop.annotations.JsOverlay public static final int NATIVE_THREE_VALUE = 3;

  // DO NOT REFER TO FROM NON GENERATED CODE! SUBJECT TO CHANGE!
  // Native closure enum representation
  @jsinterop.annotations.JsType(
      isNative = true,
      name = "NativeEnum",
      namespace = "improto.protobuf.contrib.j2cl.protos")
  public static final class Internal_ClosureEnum {
    @jsinterop.annotations.JsOverlay
    public static final Internal_ClosureEnum toClosureValue(NativeEnum enumInstance) {
      return jsinterop.base.Js.uncheckedCast((double) enumInstance.getNumber());
    }

    @jsinterop.annotations.JsOverlay
    public static final NativeEnum toEnum(Object closureEnum) {
      return jsinterop.base.Js.uncheckedCast(closureEnum);
    }
  }
}
