package com.google.protobuf.contrib.j2cl.protos;

public enum SparseEnum implements com.google.protobuf.ProtocolMessageEnum {
  UNKNOWN(0),
  TEN(10),
  TWENTY(20);

  SparseEnum(int value) {
    this.value = value;
  }

  public static final SparseEnum forNumber(int i) {
    switch (i) {
      case 0:
        return UNKNOWN;
      case 10:
        return TEN;
      case 20:
        return TWENTY;
    }
    return null;
  }

  private int value;

  public final int getNumber() {
    return value;
  }

  public static final int UNKNOWN_VALUE = 0;

  public static final int TEN_VALUE = 10;

  public static final int TWENTY_VALUE = 20;

  // DO NOT REFER TO FROM NON GENERATED CODE! SUBJECT TO CHANGE!
  // Native closure enum representation
  @jsinterop.annotations.JsType(
      isNative = true,
      name = "SparseEnum",
      namespace = "improto.protobuf.contrib.j2cl.protos")
  public static final class Internal_ClosureEnum {
    @jsinterop.annotations.JsOverlay
    public static final Internal_ClosureEnum toClosureValue(SparseEnum enumInstance) {
      return jsinterop.base.Js.uncheckedCast((double) enumInstance.getNumber());
    }

    @jsinterop.annotations.JsOverlay
    public static final SparseEnum toEnum(Object closureEnum) {
      int i = jsinterop.base.Js.asInt(closureEnum);
      SparseEnum value = SparseEnum.forNumber(i);
      return value == null ? UNKNOWN : value;
    }
  }
}
