package com.google.protobuf.contrib.j2cl.protos;

@jsinterop.annotations.JsType(
    isNative = true,
    name = "TestProto",
    namespace = "improto.protobuf.contrib.j2cl.protos")
public final class TestProto
    extends com.google.protobuf.GeneratedMessageLite<TestProto, TestProto.Builder> {

  protected TestProto() {}

  public static final native TestProto getDefaultInstance();

  @jsinterop.annotations.JsOverlay
  public final TestProto getDefaultInstanceForType() {
    return getDefaultInstance();
  }

  public native Builder toBuilder();

  @jsinterop.annotations.JsOverlay public static final int SPARSE_ENUM_FIELD_NUMBER = 1;
  @jsinterop.annotations.JsOverlay public static final int DENSE_ENUM_FIELD_NUMBER = 2;
  @jsinterop.annotations.JsOverlay public static final int NATIVE_ENUM_FIELD_NUMBER = 3;

  @jsinterop.annotations.JsMethod(name = "hasSparseEnum")
  public native boolean hasSparseEnum();

  @jsinterop.annotations.JsOverlay
  public final com.google.protobuf.contrib.j2cl.protos.SparseEnum getSparseEnum() {
    return com.google.protobuf.contrib.j2cl.protos.SparseEnum.Internal_ClosureEnum.toEnum(
        internal_getSparseEnum());
  }

  @jsinterop.annotations.JsMethod(name = "getSparseEnum")
  private native Object internal_getSparseEnum();

  @jsinterop.annotations.JsMethod(name = "hasDenseEnum")
  public native boolean hasDenseEnum();

  @jsinterop.annotations.JsOverlay
  public final com.google.protobuf.contrib.j2cl.protos.DenseEnum getDenseEnum() {
    return com.google.protobuf.contrib.j2cl.protos.DenseEnum.Internal_ClosureEnum.toEnum(
        internal_getDenseEnum());
  }

  @jsinterop.annotations.JsMethod(name = "getDenseEnum")
  private native Object internal_getDenseEnum();

  @jsinterop.annotations.JsMethod(name = "hasNativeEnum")
  public native boolean hasNativeEnum();

  @jsinterop.annotations.JsOverlay
  public final com.google.protobuf.contrib.j2cl.protos.NativeEnum getNativeEnum() {
    return com.google.protobuf.contrib.j2cl.protos.NativeEnum.Internal_ClosureEnum.toEnum(
        internal_getNativeEnum());
  }

  @jsinterop.annotations.JsMethod(name = "getNativeEnum")
  private native Object internal_getNativeEnum();

  public static native Builder newBuilder();

  public static native Builder newBuilder(TestProto prototype);

  @jsinterop.annotations.JsType(isNative = true)
  public static final class Builder
      extends com.google.protobuf.GeneratedMessageLite.Builder<TestProto, Builder> {

    protected Builder() {}

    @jsinterop.annotations.JsOverlay
    public final TestProto getDefaultInstanceForType() {
      return getDefaultInstance();
    }

    @java.lang.Override
    public native TestProto build();

    @java.lang.Override
    public native Builder clone();

    @jsinterop.annotations.JsMethod(name = "hasSparseEnum")
    public native boolean hasSparseEnum();

    @jsinterop.annotations.JsOverlay
    public final com.google.protobuf.contrib.j2cl.protos.SparseEnum getSparseEnum() {
      return com.google.protobuf.contrib.j2cl.protos.SparseEnum.Internal_ClosureEnum.toEnum(
          internal_getSparseEnum());
    }

    @jsinterop.annotations.JsMethod(name = "getSparseEnum")
    private native Object internal_getSparseEnum();

    @jsinterop.annotations.JsMethod(name = "clearSparseEnum")
    public native Builder clearSparseEnum();

    @jsinterop.annotations.JsOverlay
    public final Builder setSparseEnum(com.google.protobuf.contrib.j2cl.protos.SparseEnum value) {
      return internal_setSparseEnum(
          com.google.protobuf.contrib.j2cl.protos.SparseEnum.Internal_ClosureEnum.toClosureValue(
              value));
    }

    @jsinterop.annotations.JsMethod(name = "setSparseEnum")
    private native Builder internal_setSparseEnum(
        com.google.protobuf.contrib.j2cl.protos.SparseEnum.Internal_ClosureEnum value);

    @jsinterop.annotations.JsMethod(name = "hasDenseEnum")
    public native boolean hasDenseEnum();

    @jsinterop.annotations.JsOverlay
    public final com.google.protobuf.contrib.j2cl.protos.DenseEnum getDenseEnum() {
      return com.google.protobuf.contrib.j2cl.protos.DenseEnum.Internal_ClosureEnum.toEnum(
          internal_getDenseEnum());
    }

    @jsinterop.annotations.JsMethod(name = "getDenseEnum")
    private native Object internal_getDenseEnum();

    @jsinterop.annotations.JsMethod(name = "clearDenseEnum")
    public native Builder clearDenseEnum();

    @jsinterop.annotations.JsOverlay
    public final Builder setDenseEnum(com.google.protobuf.contrib.j2cl.protos.DenseEnum value) {
      return internal_setDenseEnum(
          com.google.protobuf.contrib.j2cl.protos.DenseEnum.Internal_ClosureEnum.toClosureValue(
              value));
    }

    @jsinterop.annotations.JsMethod(name = "setDenseEnum")
    private native Builder internal_setDenseEnum(
        com.google.protobuf.contrib.j2cl.protos.DenseEnum.Internal_ClosureEnum value);

    @jsinterop.annotations.JsMethod(name = "hasNativeEnum")
    public native boolean hasNativeEnum();

    @jsinterop.annotations.JsOverlay
    public final com.google.protobuf.contrib.j2cl.protos.NativeEnum getNativeEnum() {
      return com.google.protobuf.contrib.j2cl.protos.NativeEnum.Internal_ClosureEnum.toEnum(
          internal_getNativeEnum());
    }

    @jsinterop.annotations.JsMethod(name = "getNativeEnum")
    private native Object internal_getNativeEnum();

    @jsinterop.annotations.JsMethod(name = "clearNativeEnum")
    public native Builder clearNativeEnum();

    @jsinterop.annotations.JsOverlay
    public final Builder setNativeEnum(com.google.protobuf.contrib.j2cl.protos.NativeEnum value) {
      return internal_setNativeEnum(
          com.google.protobuf.contrib.j2cl.protos.NativeEnum.Internal_ClosureEnum.toClosureValue(
              value));
    }

    @jsinterop.annotations.JsMethod(name = "setNativeEnum")
    private native Builder internal_setNativeEnum(
        com.google.protobuf.contrib.j2cl.protos.NativeEnum.Internal_ClosureEnum value);
  }
}
