
/**
 * @fileoverview
 * @suppress {lateProvide}
 *
 * Generated code DO NOT EDIT
 * Generated by
 * //java/com/google/protobuf/contrib/immutablejs/generator:ImmutableJspbCompiler
 */
goog.module('improto.TestProto');

const proto_im_InternalMessage = goog.require('proto.im.internal.InternalMessage');
const proto_im_Message = goog.require('proto.im.Message');

/**
 *
 * @struct
 * @final
 * @extends {proto_im_InternalMessage<!TestProto, !TestProto.Builder>}
 */
class TestProto extends proto_im_InternalMessage {
  /**
   * Parses the json as a message of type TestProto.
   * @param {string} json
   * @return {!TestProto}
   */
  static parse(json) {
    return proto_im_InternalMessage.parseBase(TestProto, json);
  }

  /**
   * Returns a builder for this message.
   * @param {!TestProto=} message
   * @return {!TestProto.Builder}
   */
  static newBuilder(message = TestProto.getDefaultInstance()) {
    return new TestProto.Builder(message);
  }

  /**
   * Returns the default instance for this message.
   * @return {!TestProto}
   */
  static getDefaultInstance() {
    return proto_im_InternalMessage.getDefaultInstanceForMessage(TestProto);
  }

  /**
   * @param {!Array<?>} data The array holding protobuf data.
   * @private
   */
  constructor(data) {
    super(data, -1, 0);
  }

  /**
   * Constructs a builder initialized with the current message.
   * @return {!TestProto.Builder}
   * @override
   */
  toBuilder() {
    return new TestProto.Builder(this);
  }


  /**
   * @return {boolean}
   */
  hasPayload() {
    return this.internal_hasField(1);
  }

  /**
   *
   * @return {!string}
   */
  getPayload() {
    return this.internal_getStringField(1);
  }
}


// Extensions start

// Extensions end

/**
 * @override
 * @struct
 * @final
 * @extends {proto_im_InternalMessage.Builder<!TestProto, !TestProto.Builder>}
 */
TestProto.Builder = class extends proto_im_InternalMessage.Builder {
  /**
   * @param {!TestProto} message
   * @private
   */
  constructor(message) {
    super(message);
  }

  /**
   * @return {boolean}
   */
  hasPayload() {
    return this.message.hasPayload();
  }

  /**
   *
   * @return {!string}
   */
  getPayload() {
    return this.message.getPayload();
  }

  /**
   *
   * @param {!string} value
   * @return {!TestProto.Builder}
   */
  setPayload(value) {
    return this.internal_setStringField(1, value);
  }

  /**
   * @return {!TestProto.Builder}
   */
  clearPayload() {
    return this.internal_clearField(1);
  }
}



exports = TestProto;
