/**
 * @fileoverview
 * @suppress {lateProvide}
 *
 * Generated code DO NOT EDIT
 * Generated by
 * //java/com/google/protobuf/contrib/immutablejs/generator:ImmutableJspbCompiler
 */
goog.module('improto.empty_package');

const proto_im_InternalMessage = goog.require('proto.im.internal.InternalMessage');
const proto_im_Message = goog.require('proto.im.Message');

const module = {};

exports = module;
