/**
 * @fileoverview
 * @suppress {lateProvide}
 *
 * Generated code DO NOT EDIT
 * Generated by
 * //java/com/google/protobuf/contrib/immutablejs/generator:ImmutableJspbCompiler
 */
goog.module('improto.protobuf.contrib.immutablejs.protos.TestProto');

const proto_im_InternalMessage = goog.require('proto.im.internal.InternalMessage');
const proto_im_Message = goog.require('proto.im.Message');
const goog_math_Long = goog.require('goog.math.Long');
const proto_im_ByteString = goog.require('proto.im.ByteString');
const proto_im_ListView = goog.require('proto.im.ListView');

/**
 *
 * @struct
 * @final
 * @extends {proto_im_InternalMessage<!TestProto, !TestProto.Builder>}
 */
class TestProto extends proto_im_InternalMessage {
  /**
   * Parses the json as a message of type TestProto.
   * @param {string} json
   * @return {!TestProto}
   */
  static parse(json) {
    return proto_im_InternalMessage.parseBase(TestProto, json);
  }

  /**
   * Returns a builder for this message.
   * @param {!TestProto=} message
   * @return {!TestProto.Builder}
   */
  static newBuilder(message = TestProto.getDefaultInstance()) {
    return new TestProto.Builder(message);
  }

  /**
   * Returns the default instance for this message.
   * @return {!TestProto}
   */
  static getDefaultInstance() {
    return proto_im_InternalMessage.getDefaultInstanceForMessage(TestProto);
  }

  /**
   * @param {!Array<?>} data The array holding protobuf data.
   * @private
   */
  constructor(data) {
    super(data, -1, 0);
  }

  /**
   * Constructs a builder initialized with the current message.
   * @return {!TestProto.Builder}
   * @override
   */
  toBuilder() {
    return new TestProto.Builder(this);
  }

  /**
   * @return {boolean}
   */
  hasOptionalBool() {
    return this.internal_hasField(1);
  }

  /**
   *
   * @return {!boolean}
   */
  getOptionalBool() {
    return this.internal_getBooleanField(1);
  }

  /**
   * @return {boolean}
   */
  hasOptionalBoolWithDefault() {
    return this.internal_hasField(2);
  }

  /**
   *
   * @return {!boolean}
   */
  getOptionalBoolWithDefault() {
    return this.internal_getBooleanFieldWithDefault(2, true);
  }

  /**
   * @return {number}
   */
  getRepeatedBoolCount() {
    return this.internal_getRepeatedFieldCount(3);
  }

  /**
   * @param {number} index
   * @return {!boolean}
   */
  getRepeatedBool(index) {
    return this.internal_getBooleanElement(3, index);
  }

  /**
   *
   * @return {!proto_im_ListView<!boolean>}
   */
  getRepeatedBoolList() {
    return this.internal_getRepeatedBooleanField(3);
  }

  /**
   * @return {boolean}
   */
  hasOptionalInt() {
    return this.internal_hasField(4);
  }

  /**
   *
   * @return {!number}
   */
  getOptionalInt() {
    return this.internal_getIntField(4);
  }

  /**
   * @return {boolean}
   */
  hasOptionalIntWithDefault() {
    return this.internal_hasField(5);
  }

  /**
   *
   * @return {!number}
   */
  getOptionalIntWithDefault() {
    return this.internal_getIntFieldWithDefault(5, 135);
  }

  /**
   * @return {number}
   */
  getRepeatedIntCount() {
    return this.internal_getRepeatedFieldCount(6);
  }

  /**
   * @param {number} index
   * @return {!number}
   */
  getRepeatedInt(index) {
    return this.internal_getIntElement(6, index);
  }

  /**
   *
   * @return {!proto_im_ListView<!number>}
   */
  getRepeatedIntList() {
    return this.internal_getRepeatedIntField(6);
  }

  /**
   * @return {boolean}
   */
  hasOptionalLong() {
    return this.internal_hasField(7);
  }

  /**
   *
   * @return {!goog_math_Long}
   */
  getOptionalLong() {
    return this.internal_getLongField(7);
  }

  /**
   * @return {boolean}
   */
  hasOptionalLongWithDefault() {
    return this.internal_hasField(8);
  }

  /**
   *
   * @return {!goog_math_Long}
   */
  getOptionalLongWithDefault() {
    return this.internal_getLongFieldWithDefault(
        8, goog_math_Long.fromString('3000000000'));
  }

  /**
   * @return {number}
   */
  getRepeatedLongCount() {
    return this.internal_getRepeatedFieldCount(9);
  }

  /**
   * @param {number} index
   * @return {!goog_math_Long}
   */
  getRepeatedLong(index) {
    return this.internal_getLongElement(9, index);
  }

  /**
   *
   * @return {!proto_im_ListView<!goog_math_Long>}
   */
  getRepeatedLongList() {
    return this.internal_getRepeatedLongField(9);
  }

  /**
   * @return {boolean}
   */
  hasOptionalInt52Long() {
    return this.internal_hasField(50);
  }

  /**
   *
   * @return {!goog_math_Long}
   */
  getOptionalInt52Long() {
    return this.internal_getInt52LongField(50);
  }

  /**
   * @return {boolean}
   */
  hasOptionalInt52LongWithDefault() {
    return this.internal_hasField(51);
  }

  /**
   *
   * @return {!goog_math_Long}
   */
  getOptionalInt52LongWithDefault() {
    return this.internal_getInt52LongFieldWithDefault(
        51, goog_math_Long.fromString('30000'));
  }

  /**
   * @return {number}
   */
  getRepeatedInt52LongCount() {
    return this.internal_getRepeatedFieldCount(52);
  }

  /**
   * @param {number} index
   * @return {!goog_math_Long}
   */
  getRepeatedInt52Long(index) {
    return this.internal_getInt52LongElement(52, index);
  }

  /**
   *
   * @return {!proto_im_ListView<!goog_math_Long>}
   */
  getRepeatedInt52LongList() {
    return this.internal_getRepeatedInt52LongField(52);
  }

  /**
   * @return {boolean}
   */
  hasOptionalFloat() {
    return this.internal_hasField(10);
  }

  /**
   *
   * @return {!number}
   */
  getOptionalFloat() {
    return this.internal_getDoubleField(10);
  }

  /**
   * @return {boolean}
   */
  hasOptionalFloatWithDefault() {
    return this.internal_hasField(11);
  }

  /**
   *
   * @return {!number}
   */
  getOptionalFloatWithDefault() {
    return this.internal_getDoubleFieldWithDefault(11, 1.35);
  }

  /**
   * @return {number}
   */
  getRepeatedFloatCount() {
    return this.internal_getRepeatedFieldCount(12);
  }

  /**
   * @param {number} index
   * @return {!number}
   */
  getRepeatedFloat(index) {
    return this.internal_getDoubleElement(12, index);
  }

  /**
   *
   * @return {!proto_im_ListView<!number>}
   */
  getRepeatedFloatList() {
    return this.internal_getRepeatedDoubleField(12);
  }

  /**
   * @return {boolean}
   */
  hasOptionalDouble() {
    return this.internal_hasField(13);
  }

  /**
   *
   * @return {!number}
   */
  getOptionalDouble() {
    return this.internal_getDoubleField(13);
  }

  /**
   * @return {boolean}
   */
  hasOptionalDoubleWithDefault() {
    return this.internal_hasField(14);
  }

  /**
   *
   * @return {!number}
   */
  getOptionalDoubleWithDefault() {
    return this.internal_getDoubleFieldWithDefault(14, 2.46);
  }

  /**
   * @return {number}
   */
  getRepeatedDoubleCount() {
    return this.internal_getRepeatedFieldCount(15);
  }

  /**
   * @param {number} index
   * @return {!number}
   */
  getRepeatedDouble(index) {
    return this.internal_getDoubleElement(15, index);
  }

  /**
   *
   * @return {!proto_im_ListView<!number>}
   */
  getRepeatedDoubleList() {
    return this.internal_getRepeatedDoubleField(15);
  }

  /**
   * @return {boolean}
   */
  hasOptionalEnum() {
    return this.internal_hasField(16);
  }

  /**
   *
   * @return {!TestProto.TestEnum}
   */
  getOptionalEnum() {
    return /** @type {!TestProto.TestEnum} */ (
        this.internal_getIntFieldWithDefault(16, 0));
  }

  /**
   * @return {boolean}
   */
  hasOptionalEnumWithDefault() {
    return this.internal_hasField(17);
  }

  /**
   *
   * @return {!TestProto.TestEnum}
   */
  getOptionalEnumWithDefault() {
    return /** @type {!TestProto.TestEnum} */ (
        this.internal_getIntFieldWithDefault(17, 3));
  }

  /**
   * @return {number}
   */
  getRepeatedEnumCount() {
    return this.internal_getRepeatedFieldCount(18);
  }

  /**
   * @param {number} index
   * @return {!TestProto.TestEnum}
   */
  getRepeatedEnum(index) {
    return /** @type {!TestProto.TestEnum} */ (
        this.internal_getIntElement(18, index));
  }

  /**
   *
   * @return {!proto_im_ListView<!TestProto.TestEnum>}
   */
  getRepeatedEnumList() {
    return /** @type {!proto_im_ListView<!TestProto.TestEnum>} */ (
        this.internal_getRepeatedIntField(18));
  }

  /**
   * @return {boolean}
   */
  hasOptionalString() {
    return this.internal_hasField(19);
  }

  /**
   *
   * @return {!string}
   */
  getOptionalString() {
    return this.internal_getStringField(19);
  }

  /**
   * @return {boolean}
   */
  hasOptionalStringWithDefault() {
    return this.internal_hasField(20);
  }

  /**
   *
   * @return {!string}
   */
  getOptionalStringWithDefault() {
    return this.internal_getStringFieldWithDefault(20, 'non-trivial default');
  }

  /**
   * @return {number}
   */
  getRepeatedStringCount() {
    return this.internal_getRepeatedFieldCount(21);
  }

  /**
   * @param {number} index
   * @return {!string}
   */
  getRepeatedString(index) {
    return this.internal_getStringElement(21, index);
  }

  /**
   *
   * @return {!proto_im_ListView<!string>}
   */
  getRepeatedStringList() {
    return this.internal_getRepeatedStringField(21);
  }

  /**
   * @return {boolean}
   */
  hasOptionalBytes() {
    return this.internal_hasField(28);
  }

  /**
   *
   * @return {!proto_im_ByteString}
   */
  getOptionalBytes() {
    return this.internal_getByteStringField(28);
  }

  /**
   * @return {boolean}
   */
  hasOptionalBytesWithDefault() {
    return this.internal_hasField(29);
  }

  /**
   *
   * @return {!proto_im_ByteString}
   */
  getOptionalBytesWithDefault() {
    return this.internal_getByteStringFieldWithDefault(
        29, proto_im_ByteString.fromBase64String('YSBieXRleSBkZWZhdWx0'));
  }

  /**
   * @return {number}
   */
  getRepeatedBytesCount() {
    return this.internal_getRepeatedFieldCount(30);
  }

  /**
   * @param {number} index
   * @return {!proto_im_ByteString}
   */
  getRepeatedBytes(index) {
    return this.internal_getByteStringElement(30, index);
  }

  /**
   *
   * @return {!proto_im_ListView<!proto_im_ByteString>}
   */
  getRepeatedBytesList() {
    return this.internal_getRepeatedByteStringField(30);
  }

  /**
   * @return {boolean}
   */
  hasOptionalMessage() {
    return this.internal_hasField(26);
  }

  /**
   *
   * @return {!TestProto.NestedMessage}
   */
  getOptionalMessage() {
    return this.internal_getMessageField(26, TestProto.NestedMessage);
  }

  /**
   * @return {number}
   */
  getRepeatedMessageCount() {
    return this.internal_getRepeatedFieldCount(27);
  }

  /**
   * @param {number} index
   * @return {!TestProto.NestedMessage}
   */
  getRepeatedMessage(index) {
    return this.internal_getMessageElement(27, index, TestProto.NestedMessage);
  }

  /**
   *
   * @return {!proto_im_ListView<!TestProto.NestedMessage>}
   */
  getRepeatedMessageList() {
    return this.internal_getRepeatedMessageField(27, TestProto.NestedMessage);
  }
}


// Extensions start
// Extensions end

/**
 * @override
 * @struct
 * @final
 * @extends {proto_im_InternalMessage.Builder<!TestProto, !TestProto.Builder>}
 */
TestProto.Builder = class extends proto_im_InternalMessage.Builder {
  /**
   * @param {!TestProto} message
   * @private
   */
  constructor(message) {
    super(message);
  }

  /**
   * @return {boolean}
   */
  hasOptionalBool() {
    return this.message.hasOptionalBool();
  }

  /**
   *
   * @return {!boolean}
   */
  getOptionalBool() {
    return this.message.getOptionalBool();
  }

  /**
   *
   * @param {!boolean} value
   * @return {!TestProto.Builder}
   */
  setOptionalBool(value) {
    return this.internal_setBooleanField(1, value);
  }

  /**
   * @return {!TestProto.Builder}
   */
  clearOptionalBool() {
    return this.internal_clearField(1);
  }
  /**
   * @return {boolean}
   */
  hasOptionalBoolWithDefault() {
    return this.message.hasOptionalBoolWithDefault();
  }

  /**
   *
   * @return {!boolean}
   */
  getOptionalBoolWithDefault() {
    return this.message.getOptionalBoolWithDefault();
  }

  /**
   *
   * @param {!boolean} value
   * @return {!TestProto.Builder}
   */
  setOptionalBoolWithDefault(value) {
    return this.internal_setBooleanField(2, value);
  }

  /**
   * @return {!TestProto.Builder}
   */
  clearOptionalBoolWithDefault() {
    return this.internal_clearField(2);
  }
  /**
   * @return {number}
   */
  getRepeatedBoolCount() {
    return this.message.getRepeatedBoolCount();
  }

  /**
   * @param {number} index
   * @return {!boolean}
   */
  getRepeatedBool(index) {
    return this.message.getRepeatedBool(index);
  }

  /**
   *
   * @return {!proto_im_ListView<!boolean>}
   */
  getRepeatedBoolList() {
    return this.message.getRepeatedBoolList();
  }

  /**
   * @param {number} index
   * @param {!boolean} value
   * @return {!TestProto.Builder}
   */
  setRepeatedBool(index, value) {
    return this.internal_setBooleanElement(3, index, value);
  }

  /**
   *
   * @param {!boolean} value
   * @return {!TestProto.Builder}
   */
  addRepeatedBool(value) {
    return this.internal_addBooleanElement(3, value);
  }

  /**
   *
   * @param {!Iterable<!boolean>} values
   * @return {!TestProto.Builder}
   */
  addAllRepeatedBool(values) {
    return this.internal_addAllBooleanElements(3, values);
  }

  /**
   * @return {!TestProto.Builder}
   */
  clearRepeatedBool() {
    return this.internal_clearField(3);
  }
  /**
   * @return {boolean}
   */
  hasOptionalInt() {
    return this.message.hasOptionalInt();
  }

  /**
   *
   * @return {!number}
   */
  getOptionalInt() {
    return this.message.getOptionalInt();
  }

  /**
   *
   * @param {!number} value
   * @return {!TestProto.Builder}
   */
  setOptionalInt(value) {
    return this.internal_setIntField(4, value);
  }

  /**
   * @return {!TestProto.Builder}
   */
  clearOptionalInt() {
    return this.internal_clearField(4);
  }
  /**
   * @return {boolean}
   */
  hasOptionalIntWithDefault() {
    return this.message.hasOptionalIntWithDefault();
  }

  /**
   *
   * @return {!number}
   */
  getOptionalIntWithDefault() {
    return this.message.getOptionalIntWithDefault();
  }

  /**
   *
   * @param {!number} value
   * @return {!TestProto.Builder}
   */
  setOptionalIntWithDefault(value) {
    return this.internal_setIntField(5, value);
  }

  /**
   * @return {!TestProto.Builder}
   */
  clearOptionalIntWithDefault() {
    return this.internal_clearField(5);
  }
  /**
   * @return {number}
   */
  getRepeatedIntCount() {
    return this.message.getRepeatedIntCount();
  }

  /**
   * @param {number} index
   * @return {!number}
   */
  getRepeatedInt(index) {
    return this.message.getRepeatedInt(index);
  }

  /**
   *
   * @return {!proto_im_ListView<!number>}
   */
  getRepeatedIntList() {
    return this.message.getRepeatedIntList();
  }

  /**
   * @param {number} index
   * @param {!number} value
   * @return {!TestProto.Builder}
   */
  setRepeatedInt(index, value) {
    return this.internal_setIntElement(6, index, value);
  }

  /**
   *
   * @param {!number} value
   * @return {!TestProto.Builder}
   */
  addRepeatedInt(value) {
    return this.internal_addIntElement(6, value);
  }

  /**
   *
   * @param {!Iterable<!number>} values
   * @return {!TestProto.Builder}
   */
  addAllRepeatedInt(values) {
    return this.internal_addAllIntElements(6, values);
  }

  /**
   * @return {!TestProto.Builder}
   */
  clearRepeatedInt() {
    return this.internal_clearField(6);
  }
  /**
   * @return {boolean}
   */
  hasOptionalLong() {
    return this.message.hasOptionalLong();
  }

  /**
   *
   * @return {!goog_math_Long}
   */
  getOptionalLong() {
    return this.message.getOptionalLong();
  }

  /**
   *
   * @param {!goog_math_Long} value
   * @return {!TestProto.Builder}
   */
  setOptionalLong(value) {
    return this.internal_setLongField(7, value);
  }

  /**
   * @return {!TestProto.Builder}
   */
  clearOptionalLong() {
    return this.internal_clearField(7);
  }
  /**
   * @return {boolean}
   */
  hasOptionalLongWithDefault() {
    return this.message.hasOptionalLongWithDefault();
  }

  /**
   *
   * @return {!goog_math_Long}
   */
  getOptionalLongWithDefault() {
    return this.message.getOptionalLongWithDefault();
  }

  /**
   *
   * @param {!goog_math_Long} value
   * @return {!TestProto.Builder}
   */
  setOptionalLongWithDefault(value) {
    return this.internal_setLongField(8, value);
  }

  /**
   * @return {!TestProto.Builder}
   */
  clearOptionalLongWithDefault() {
    return this.internal_clearField(8);
  }
  /**
   * @return {number}
   */
  getRepeatedLongCount() {
    return this.message.getRepeatedLongCount();
  }

  /**
   * @param {number} index
   * @return {!goog_math_Long}
   */
  getRepeatedLong(index) {
    return this.message.getRepeatedLong(index);
  }

  /**
   *
   * @return {!proto_im_ListView<!goog_math_Long>}
   */
  getRepeatedLongList() {
    return this.message.getRepeatedLongList();
  }

  /**
   * @param {number} index
   * @param {!goog_math_Long} value
   * @return {!TestProto.Builder}
   */
  setRepeatedLong(index, value) {
    return this.internal_setLongElement(9, index, value);
  }

  /**
   *
   * @param {!goog_math_Long} value
   * @return {!TestProto.Builder}
   */
  addRepeatedLong(value) {
    return this.internal_addLongElement(9, value);
  }

  /**
   *
   * @param {!Iterable<!goog_math_Long>} values
   * @return {!TestProto.Builder}
   */
  addAllRepeatedLong(values) {
    return this.internal_addAllLongElements(9, values);
  }

  /**
   * @return {!TestProto.Builder}
   */
  clearRepeatedLong() {
    return this.internal_clearField(9);
  }
  /**
   * @return {boolean}
   */
  hasOptionalInt52Long() {
    return this.message.hasOptionalInt52Long();
  }

  /**
   *
   * @return {!goog_math_Long}
   */
  getOptionalInt52Long() {
    return this.message.getOptionalInt52Long();
  }

  /**
   *
   * @param {!goog_math_Long} value
   * @return {!TestProto.Builder}
   */
  setOptionalInt52Long(value) {
    return this.internal_setInt52LongField(50, value);
  }

  /**
   * @return {!TestProto.Builder}
   */
  clearOptionalInt52Long() {
    return this.internal_clearField(50);
  }
  /**
   * @return {boolean}
   */
  hasOptionalInt52LongWithDefault() {
    return this.message.hasOptionalInt52LongWithDefault();
  }

  /**
   *
   * @return {!goog_math_Long}
   */
  getOptionalInt52LongWithDefault() {
    return this.message.getOptionalInt52LongWithDefault();
  }

  /**
   *
   * @param {!goog_math_Long} value
   * @return {!TestProto.Builder}
   */
  setOptionalInt52LongWithDefault(value) {
    return this.internal_setInt52LongField(51, value);
  }

  /**
   * @return {!TestProto.Builder}
   */
  clearOptionalInt52LongWithDefault() {
    return this.internal_clearField(51);
  }
  /**
   * @return {number}
   */
  getRepeatedInt52LongCount() {
    return this.message.getRepeatedInt52LongCount();
  }

  /**
   * @param {number} index
   * @return {!goog_math_Long}
   */
  getRepeatedInt52Long(index) {
    return this.message.getRepeatedInt52Long(index);
  }

  /**
   *
   * @return {!proto_im_ListView<!goog_math_Long>}
   */
  getRepeatedInt52LongList() {
    return this.message.getRepeatedInt52LongList();
  }

  /**
   * @param {number} index
   * @param {!goog_math_Long} value
   * @return {!TestProto.Builder}
   */
  setRepeatedInt52Long(index, value) {
    return this.internal_setInt52LongElement(52, index, value);
  }

  /**
   *
   * @param {!goog_math_Long} value
   * @return {!TestProto.Builder}
   */
  addRepeatedInt52Long(value) {
    return this.internal_addInt52LongElement(52, value);
  }

  /**
   *
   * @param {!Iterable<!goog_math_Long>} values
   * @return {!TestProto.Builder}
   */
  addAllRepeatedInt52Long(values) {
    return this.internal_addAllInt52LongElements(52, values);
  }

  /**
   * @return {!TestProto.Builder}
   */
  clearRepeatedInt52Long() {
    return this.internal_clearField(52);
  }
  /**
   * @return {boolean}
   */
  hasOptionalFloat() {
    return this.message.hasOptionalFloat();
  }

  /**
   *
   * @return {!number}
   */
  getOptionalFloat() {
    return this.message.getOptionalFloat();
  }

  /**
   *
   * @param {!number} value
   * @return {!TestProto.Builder}
   */
  setOptionalFloat(value) {
    return this.internal_setDoubleField(10, value);
  }

  /**
   * @return {!TestProto.Builder}
   */
  clearOptionalFloat() {
    return this.internal_clearField(10);
  }
  /**
   * @return {boolean}
   */
  hasOptionalFloatWithDefault() {
    return this.message.hasOptionalFloatWithDefault();
  }

  /**
   *
   * @return {!number}
   */
  getOptionalFloatWithDefault() {
    return this.message.getOptionalFloatWithDefault();
  }

  /**
   *
   * @param {!number} value
   * @return {!TestProto.Builder}
   */
  setOptionalFloatWithDefault(value) {
    return this.internal_setDoubleField(11, value);
  }

  /**
   * @return {!TestProto.Builder}
   */
  clearOptionalFloatWithDefault() {
    return this.internal_clearField(11);
  }
  /**
   * @return {number}
   */
  getRepeatedFloatCount() {
    return this.message.getRepeatedFloatCount();
  }

  /**
   * @param {number} index
   * @return {!number}
   */
  getRepeatedFloat(index) {
    return this.message.getRepeatedFloat(index);
  }

  /**
   *
   * @return {!proto_im_ListView<!number>}
   */
  getRepeatedFloatList() {
    return this.message.getRepeatedFloatList();
  }

  /**
   * @param {number} index
   * @param {!number} value
   * @return {!TestProto.Builder}
   */
  setRepeatedFloat(index, value) {
    return this.internal_setDoubleElement(12, index, value);
  }

  /**
   *
   * @param {!number} value
   * @return {!TestProto.Builder}
   */
  addRepeatedFloat(value) {
    return this.internal_addDoubleElement(12, value);
  }

  /**
   *
   * @param {!Iterable<!number>} values
   * @return {!TestProto.Builder}
   */
  addAllRepeatedFloat(values) {
    return this.internal_addAllDoubleElements(12, values);
  }

  /**
   * @return {!TestProto.Builder}
   */
  clearRepeatedFloat() {
    return this.internal_clearField(12);
  }
  /**
   * @return {boolean}
   */
  hasOptionalDouble() {
    return this.message.hasOptionalDouble();
  }

  /**
   *
   * @return {!number}
   */
  getOptionalDouble() {
    return this.message.getOptionalDouble();
  }

  /**
   *
   * @param {!number} value
   * @return {!TestProto.Builder}
   */
  setOptionalDouble(value) {
    return this.internal_setDoubleField(13, value);
  }

  /**
   * @return {!TestProto.Builder}
   */
  clearOptionalDouble() {
    return this.internal_clearField(13);
  }
  /**
   * @return {boolean}
   */
  hasOptionalDoubleWithDefault() {
    return this.message.hasOptionalDoubleWithDefault();
  }

  /**
   *
   * @return {!number}
   */
  getOptionalDoubleWithDefault() {
    return this.message.getOptionalDoubleWithDefault();
  }

  /**
   *
   * @param {!number} value
   * @return {!TestProto.Builder}
   */
  setOptionalDoubleWithDefault(value) {
    return this.internal_setDoubleField(14, value);
  }

  /**
   * @return {!TestProto.Builder}
   */
  clearOptionalDoubleWithDefault() {
    return this.internal_clearField(14);
  }
  /**
   * @return {number}
   */
  getRepeatedDoubleCount() {
    return this.message.getRepeatedDoubleCount();
  }

  /**
   * @param {number} index
   * @return {!number}
   */
  getRepeatedDouble(index) {
    return this.message.getRepeatedDouble(index);
  }

  /**
   *
   * @return {!proto_im_ListView<!number>}
   */
  getRepeatedDoubleList() {
    return this.message.getRepeatedDoubleList();
  }

  /**
   * @param {number} index
   * @param {!number} value
   * @return {!TestProto.Builder}
   */
  setRepeatedDouble(index, value) {
    return this.internal_setDoubleElement(15, index, value);
  }

  /**
   *
   * @param {!number} value
   * @return {!TestProto.Builder}
   */
  addRepeatedDouble(value) {
    return this.internal_addDoubleElement(15, value);
  }

  /**
   *
   * @param {!Iterable<!number>} values
   * @return {!TestProto.Builder}
   */
  addAllRepeatedDouble(values) {
    return this.internal_addAllDoubleElements(15, values);
  }

  /**
   * @return {!TestProto.Builder}
   */
  clearRepeatedDouble() {
    return this.internal_clearField(15);
  }
  /**
   * @return {boolean}
   */
  hasOptionalEnum() {
    return this.message.hasOptionalEnum();
  }

  /**
   *
   * @return {!TestProto.TestEnum}
   */
  getOptionalEnum() {
    return this.message.getOptionalEnum();
  }

  /**
   *
   * @param {!TestProto.TestEnum} value
   * @return {!TestProto.Builder}
   */
  setOptionalEnum(value) {
    return this.internal_setIntField(16, value);
  }

  /**
   * @return {!TestProto.Builder}
   */
  clearOptionalEnum() {
    return this.internal_clearField(16);
  }
  /**
   * @return {boolean}
   */
  hasOptionalEnumWithDefault() {
    return this.message.hasOptionalEnumWithDefault();
  }

  /**
   *
   * @return {!TestProto.TestEnum}
   */
  getOptionalEnumWithDefault() {
    return this.message.getOptionalEnumWithDefault();
  }

  /**
   *
   * @param {!TestProto.TestEnum} value
   * @return {!TestProto.Builder}
   */
  setOptionalEnumWithDefault(value) {
    return this.internal_setIntField(17, value);
  }

  /**
   * @return {!TestProto.Builder}
   */
  clearOptionalEnumWithDefault() {
    return this.internal_clearField(17);
  }
  /**
   * @return {number}
   */
  getRepeatedEnumCount() {
    return this.message.getRepeatedEnumCount();
  }

  /**
   * @param {number} index
   * @return {!TestProto.TestEnum}
   */
  getRepeatedEnum(index) {
    return this.message.getRepeatedEnum(index);
  }

  /**
   *
   * @return {!proto_im_ListView<!TestProto.TestEnum>}
   */
  getRepeatedEnumList() {
    return this.message.getRepeatedEnumList();
  }

  /**
   * @param {number} index
   * @param {!TestProto.TestEnum} value
   * @return {!TestProto.Builder}
   */
  setRepeatedEnum(index, value) {
    return this.internal_setIntElement(18, index, value);
  }

  /**
   *
   * @param {!TestProto.TestEnum} value
   * @return {!TestProto.Builder}
   */
  addRepeatedEnum(value) {
    return this.internal_addIntElement(18, value);
  }

  /**
   *
   * @param {!Iterable<!TestProto.TestEnum>} values
   * @return {!TestProto.Builder}
   */
  addAllRepeatedEnum(values) {
    return this.internal_addAllIntElements(18, values);
  }

  /**
   * @return {!TestProto.Builder}
   */
  clearRepeatedEnum() {
    return this.internal_clearField(18);
  }
  /**
   * @return {boolean}
   */
  hasOptionalString() {
    return this.message.hasOptionalString();
  }

  /**
   *
   * @return {!string}
   */
  getOptionalString() {
    return this.message.getOptionalString();
  }

  /**
   *
   * @param {!string} value
   * @return {!TestProto.Builder}
   */
  setOptionalString(value) {
    return this.internal_setStringField(19, value);
  }

  /**
   * @return {!TestProto.Builder}
   */
  clearOptionalString() {
    return this.internal_clearField(19);
  }
  /**
   * @return {boolean}
   */
  hasOptionalStringWithDefault() {
    return this.message.hasOptionalStringWithDefault();
  }

  /**
   *
   * @return {!string}
   */
  getOptionalStringWithDefault() {
    return this.message.getOptionalStringWithDefault();
  }

  /**
   *
   * @param {!string} value
   * @return {!TestProto.Builder}
   */
  setOptionalStringWithDefault(value) {
    return this.internal_setStringField(20, value);
  }

  /**
   * @return {!TestProto.Builder}
   */
  clearOptionalStringWithDefault() {
    return this.internal_clearField(20);
  }
  /**
   * @return {number}
   */
  getRepeatedStringCount() {
    return this.message.getRepeatedStringCount();
  }

  /**
   * @param {number} index
   * @return {!string}
   */
  getRepeatedString(index) {
    return this.message.getRepeatedString(index);
  }

  /**
   *
   * @return {!proto_im_ListView<!string>}
   */
  getRepeatedStringList() {
    return this.message.getRepeatedStringList();
  }

  /**
   * @param {number} index
   * @param {!string} value
   * @return {!TestProto.Builder}
   */
  setRepeatedString(index, value) {
    return this.internal_setStringElement(21, index, value);
  }

  /**
   *
   * @param {!string} value
   * @return {!TestProto.Builder}
   */
  addRepeatedString(value) {
    return this.internal_addStringElement(21, value);
  }

  /**
   *
   * @param {!Iterable<!string>} values
   * @return {!TestProto.Builder}
   */
  addAllRepeatedString(values) {
    return this.internal_addAllStringElements(21, values);
  }

  /**
   * @return {!TestProto.Builder}
   */
  clearRepeatedString() {
    return this.internal_clearField(21);
  }
  /**
   * @return {boolean}
   */
  hasOptionalBytes() {
    return this.message.hasOptionalBytes();
  }

  /**
   *
   * @return {!proto_im_ByteString}
   */
  getOptionalBytes() {
    return this.message.getOptionalBytes();
  }

  /**
   *
   * @param {!proto_im_ByteString} value
   * @return {!TestProto.Builder}
   */
  setOptionalBytes(value) {
    return this.internal_setByteStringField(28, value);
  }

  /**
   * @return {!TestProto.Builder}
   */
  clearOptionalBytes() {
    return this.internal_clearField(28);
  }
  /**
   * @return {boolean}
   */
  hasOptionalBytesWithDefault() {
    return this.message.hasOptionalBytesWithDefault();
  }

  /**
   *
   * @return {!proto_im_ByteString}
   */
  getOptionalBytesWithDefault() {
    return this.message.getOptionalBytesWithDefault();
  }

  /**
   *
   * @param {!proto_im_ByteString} value
   * @return {!TestProto.Builder}
   */
  setOptionalBytesWithDefault(value) {
    return this.internal_setByteStringField(29, value);
  }

  /**
   * @return {!TestProto.Builder}
   */
  clearOptionalBytesWithDefault() {
    return this.internal_clearField(29);
  }
  /**
   * @return {number}
   */
  getRepeatedBytesCount() {
    return this.message.getRepeatedBytesCount();
  }

  /**
   * @param {number} index
   * @return {!proto_im_ByteString}
   */
  getRepeatedBytes(index) {
    return this.message.getRepeatedBytes(index);
  }

  /**
   *
   * @return {!proto_im_ListView<!proto_im_ByteString>}
   */
  getRepeatedBytesList() {
    return this.message.getRepeatedBytesList();
  }

  /**
   * @param {number} index
   * @param {!proto_im_ByteString} value
   * @return {!TestProto.Builder}
   */
  setRepeatedBytes(index, value) {
    return this.internal_setByteStringElement(30, index, value);
  }

  /**
   *
   * @param {!proto_im_ByteString} value
   * @return {!TestProto.Builder}
   */
  addRepeatedBytes(value) {
    return this.internal_addByteStringElement(30, value);
  }

  /**
   *
   * @param {!Iterable<!proto_im_ByteString>} values
   * @return {!TestProto.Builder}
   */
  addAllRepeatedBytes(values) {
    return this.internal_addAllByteStringElements(30, values);
  }

  /**
   * @return {!TestProto.Builder}
   */
  clearRepeatedBytes() {
    return this.internal_clearField(30);
  }
  /**
   * @return {boolean}
   */
  hasOptionalMessage() {
    return this.message.hasOptionalMessage();
  }

  /**
   *
   * @return {!TestProto.NestedMessage}
   */
  getOptionalMessage() {
    return this.message.getOptionalMessage();
  }

  /**
   *
   * @param {!TestProto.NestedMessage|!TestProto.NestedMessage.Builder} value
   * @return {!TestProto.Builder}
   */
  setOptionalMessage(value) {
    return this.internal_setMessageField(26, value);
  }

  /**
   * @return {!TestProto.Builder}
   */
  clearOptionalMessage() {
    return this.internal_clearField(26);
  }
  /**
   * @return {number}
   */
  getRepeatedMessageCount() {
    return this.message.getRepeatedMessageCount();
  }

  /**
   * @param {number} index
   * @return {!TestProto.NestedMessage}
   */
  getRepeatedMessage(index) {
    return this.message.getRepeatedMessage(index);
  }

  /**
   *
   * @return {!proto_im_ListView<!TestProto.NestedMessage>}
   */
  getRepeatedMessageList() {
    return this.message.getRepeatedMessageList();
  }

  /**
   * @param {number} index
   * @param {!TestProto.NestedMessage|!TestProto.NestedMessage.Builder} value
   * @return {!TestProto.Builder}
   */
  setRepeatedMessage(index, value) {
    return this.internal_setMessageElement(27, index, value);
  }

  /**
   *
   * @param {!TestProto.NestedMessage|!TestProto.NestedMessage.Builder} value
   * @return {!TestProto.Builder}
   */
  addRepeatedMessage(value) {
    return this.internal_addMessageElement(27, value);
  }

  /**
   *
   * @param {!Iterable<!TestProto.NestedMessage>|!Iterable<!TestProto.NestedMessage.Builder>}
   *     values
   * @return {!TestProto.Builder}
   */
  addAllRepeatedMessage(values) {
    return this.internal_addAllMessageElements(27, values);
  }

  /**
   * @return {!TestProto.Builder}
   */
  clearRepeatedMessage() {
    return this.internal_clearField(27);
  }
}

/**
 *
 * @struct
 * @final
 * @extends {proto_im_InternalMessage<!TestProto.NestedMessage,
 * !TestProto.NestedMessage.Builder>}
 */
TestProto.NestedMessage = class NestedMessage extends proto_im_InternalMessage {
  /**
   * Parses the json as a message of type TestProto.NestedMessage.
   * @param {string} json
   * @return {!TestProto.NestedMessage}
   */
  static parse(json) {
    return proto_im_InternalMessage.parseBase(TestProto.NestedMessage, json);
  }

  /**
   * Returns a builder for this message.
   * @param {!TestProto.NestedMessage=} message
   * @return {!TestProto.NestedMessage.Builder}
   */
  static newBuilder(message = TestProto.NestedMessage.getDefaultInstance()) {
    return new TestProto.NestedMessage.Builder(message);
  }

  /**
   * Returns the default instance for this message.
   * @return {!TestProto.NestedMessage}
   */
  static getDefaultInstance() {
    return proto_im_InternalMessage.getDefaultInstanceForMessage(
        TestProto.NestedMessage);
  }

  /**
   * @param {!Array<?>} data The array holding protobuf data.
   * @private
   */
  constructor(data) {
    super(data, -1, 0);
  }

  /**
   * Constructs a builder initialized with the current message.
   * @return {!TestProto.NestedMessage.Builder}
   * @override
   */
  toBuilder() {
    return new TestProto.NestedMessage.Builder(this);
  }

  /**
   * @return {boolean}
   */
  hasPayload() {
    return this.internal_hasField(1);
  }

  /**
   *
   * @return {!string}
   */
  getPayload() {
    return this.internal_getStringField(1);
  }
}


// Extensions start
// Extensions end

/**
 * @override
 * @struct
 * @final
 * @extends {proto_im_InternalMessage.Builder<!TestProto.NestedMessage,
 * !TestProto.NestedMessage.Builder>}
 */
TestProto.NestedMessage.Builder =
    class extends proto_im_InternalMessage.Builder {
  /**
   * @param {!TestProto.NestedMessage} message
   * @private
   */
  constructor(message) {
    super(message);
  }

  /**
   * @return {boolean}
   */
  hasPayload() {
    return this.message.hasPayload();
  }

  /**
   *
   * @return {!string}
   */
  getPayload() {
    return this.message.getPayload();
  }

  /**
   *
   * @param {!string} value
   * @return {!TestProto.NestedMessage.Builder}
   */
  setPayload(value) {
    return this.internal_setStringField(1, value);
  }

  /**
   * @return {!TestProto.NestedMessage.Builder}
   */
  clearPayload() {
    return this.internal_clearField(1);
  }
}



/**
 *
 * @enum {number}
 */
TestProto.TestEnum = {
  UNKNOWN: 0,
  ONE: 1,
  TWO: 2,
  THREE: 3,
  FOUR: 4,
  FIVE: 5,
  SIX: 6,
  SEVEN: 7,
  EIGHT: 8
};


exports = TestProto;
