
/**
 * @fileoverview
 * @suppress {lateProvide}
 *
 * Generated code DO NOT EDIT
 * Generated by
 * //java/com/google/protobuf/contrib/immutablejs/generator:ImmutableJspbCompiler
 */
goog.module('improto.com.google.protobuf.contrib.immutablejs.protos.Parent');

const proto_im_InternalMessage = goog.require('proto.im.internal.InternalMessage');
const proto_im_Message = goog.require('proto.im.Message');
const improto_com_google_protobuf_contrib_immutablejs_protos_Leaf = goog.require('improto.com.google.protobuf.contrib.immutablejs.protos.Leaf');

/**
 *
 * @struct
 * @final
 * @extends {proto_im_InternalMessage<!Parent, !Parent.Builder>}
 */
class Parent extends proto_im_InternalMessage {
  /**
   * Parses the json as a message of type Parent.
   * @param {string} json
   * @return {!Parent}
   */
  static parse(json) {
    return proto_im_InternalMessage.parseBase(Parent, json);
  }

  /**
   * Returns a builder for this message.
   * @param {!Parent=} message
   * @return {!Parent.Builder}
   */
  static newBuilder(message = Parent.getDefaultInstance()) {
    return new Parent.Builder(message);
  }

  /**
   * Returns the default instance for this message.
   * @return {!Parent}
   */
  static getDefaultInstance() {
    return proto_im_InternalMessage.getDefaultInstanceForMessage(Parent);
  }

  /**
   * @param {!Array<?>} data The array holding protobuf data.
   * @private
   */
  constructor(data) {
    super(data, -1, 0);
  }

  /**
   * Constructs a builder initialized with the current message.
   * @return {!Parent.Builder}
   * @override
   */
  toBuilder() {
    return new Parent.Builder(this);
  }


  /**
   * @return {boolean}
   */
  hasLeaf() {
    return this.internal_hasField(1);
  }

  /**
   *
   * @return {!improto_com_google_protobuf_contrib_immutablejs_protos_Leaf}
   */
  getLeaf() {
    return this.internal_getMessageField(
        1,
        goog.module.get(
            'improto.com.google.protobuf.contrib.immutablejs.protos.Leaf'));
  }
}


// Extensions start

// Extensions end

/**
 * @override
 * @struct
 * @final
 * @extends {proto_im_InternalMessage.Builder<!Parent, !Parent.Builder>}
 */
Parent.Builder = class extends proto_im_InternalMessage.Builder {
  /**
   * @param {!Parent} message
   * @private
   */
  constructor(message) {
    super(message);
  }

  /**
   * @return {boolean}
   */
  hasLeaf() {
    return this.message.hasLeaf();
  }

  /**
   *
   * @return {!improto_com_google_protobuf_contrib_immutablejs_protos_Leaf}
   */
  getLeaf() {
    return this.message.getLeaf();
  }

  /**
   *
   * @param {!improto_com_google_protobuf_contrib_immutablejs_protos_Leaf|!improto_com_google_protobuf_contrib_immutablejs_protos_Leaf.Builder}
   *     value
   * @return {!Parent.Builder}
   */
  setLeaf(value) {
    return this.internal_setMessageField(1, value);
  }

  /**
   * @return {!Parent.Builder}
   */
  clearLeaf() {
    return this.internal_clearField(1);
  }
}



exports = Parent;
