/**
 * @fileoverview
 * @suppress {lateProvide}
 *
 * Generated code DO NOT EDIT
 * Generated by
 * //java/com/google/protobuf/contrib/immutablejs/generator:ImmutableJspbCompiler
 */
goog.module('improto.protobuf.contrib.immutablejs.protos.Fields');

const proto_im_InternalMessage = goog.require('proto.im.internal.InternalMessage');
const proto_im_Message = goog.require('proto.im.Message');
const proto_im_ListView = goog.require('proto.im.ListView');

/**
 *
 * @struct
 * @final
 * @extends {proto_im_InternalMessage<!Fields, !Fields.Builder>}
 */
class Fields extends proto_im_InternalMessage {
  /**
   * Parses the json as a message of type Fields.
   * @param {string} json
   * @return {!Fields}
   */
  static parse(json) {
    return proto_im_InternalMessage.parseBase(Fields, json);
  }

  /**
   * Returns a builder for this message.
   * @param {!Fields=} message
   * @return {!Fields.Builder}
   */
  static newBuilder(message = Fields.getDefaultInstance()) {
    return new Fields.Builder(message);
  }

  /**
   * Returns the default instance for this message.
   * @return {!Fields}
   */
  static getDefaultInstance() {
    return proto_im_InternalMessage.getDefaultInstanceForMessage(Fields);
  }

  /**
   * @param {!Array<?>} data The array holding protobuf data.
   * @private
   */
  constructor(data) {
    super(data, -1, 0);
  }

  /**
   * Constructs a builder initialized with the current message.
   * @return {!Fields.Builder}
   * @override
   */
  toBuilder() {
    return new Fields.Builder(this);
  }

  /**
   * @return {boolean}
   */
  hasPrimitiveLowerCaseUnderscore() {
    return this.internal_hasField(1);
  }

  /**
   *
   * @return {!boolean}
   */
  getPrimitiveLowerCaseUnderscore() {
    return this.internal_getBooleanField(1);
  }

  /**
   * @return {boolean}
   */
  hasPrimitiveLowerCaseCamel() {
    return this.internal_hasField(2);
  }

  /**
   *
   * @return {!boolean}
   */
  getPrimitiveLowerCaseCamel() {
    return this.internal_getBooleanField(2);
  }

  /**
   * @return {boolean}
   */
  hasPrimitiveUpperCaseCamel() {
    return this.internal_hasField(3);
  }

  /**
   *
   * @return {!boolean}
   */
  getPrimitiveUpperCaseCamel() {
    return this.internal_getBooleanField(3);
  }

  /**
   * @return {number}
   */
  getRepeatedPrimitiveLowerCaseUnderscoreCount() {
    return this.internal_getRepeatedFieldCount(4);
  }

  /**
   * @param {number} index
   * @return {!boolean}
   */
  getRepeatedPrimitiveLowerCaseUnderscore(index) {
    return this.internal_getBooleanElement(4, index);
  }

  /**
   *
   * @return {!proto_im_ListView<!boolean>}
   */
  getRepeatedPrimitiveLowerCaseUnderscoreList() {
    return this.internal_getRepeatedBooleanField(4);
  }

  /**
   * @return {number}
   */
  getRepeatedPrimitiveLowerCaseCamelCount() {
    return this.internal_getRepeatedFieldCount(5);
  }

  /**
   * @param {number} index
   * @return {!boolean}
   */
  getRepeatedPrimitiveLowerCaseCamel(index) {
    return this.internal_getBooleanElement(5, index);
  }

  /**
   *
   * @return {!proto_im_ListView<!boolean>}
   */
  getRepeatedPrimitiveLowerCaseCamelList() {
    return this.internal_getRepeatedBooleanField(5);
  }

  /**
   * @return {number}
   */
  getRepeatedPrimitiveUpperCaseCamelCount() {
    return this.internal_getRepeatedFieldCount(6);
  }

  /**
   * @param {number} index
   * @return {!boolean}
   */
  getRepeatedPrimitiveUpperCaseCamel(index) {
    return this.internal_getBooleanElement(6, index);
  }

  /**
   *
   * @return {!proto_im_ListView<!boolean>}
   */
  getRepeatedPrimitiveUpperCaseCamelList() {
    return this.internal_getRepeatedBooleanField(6);
  }

  /**
   * @return {boolean}
   */
  hasEnumLowerCaseUnderscore() {
    return this.internal_hasField(7);
  }

  /**
   *
   * @return {!Fields.TestEnum}
   */
  getEnumLowerCaseUnderscore() {
    return /** @type {!Fields.TestEnum} */ (
        this.internal_getIntFieldWithDefault(7, 0));
  }

  /**
   * @return {boolean}
   */
  hasEnumLowerCaseCamel() {
    return this.internal_hasField(8);
  }

  /**
   *
   * @return {!Fields.TestEnum}
   */
  getEnumLowerCaseCamel() {
    return /** @type {!Fields.TestEnum} */ (
        this.internal_getIntFieldWithDefault(8, 0));
  }

  /**
   * @return {boolean}
   */
  hasEnumUpperCaseCamel() {
    return this.internal_hasField(9);
  }

  /**
   *
   * @return {!Fields.TestEnum}
   */
  getEnumUpperCaseCamel() {
    return /** @type {!Fields.TestEnum} */ (
        this.internal_getIntFieldWithDefault(9, 0));
  }

  /**
   * @return {number}
   */
  getRepeatedEnumLowerCaseUnderscoreCount() {
    return this.internal_getRepeatedFieldCount(10);
  }

  /**
   * @param {number} index
   * @return {!Fields.TestEnum}
   */
  getRepeatedEnumLowerCaseUnderscore(index) {
    return /** @type {!Fields.TestEnum} */ (
        this.internal_getIntElement(10, index));
  }

  /**
   *
   * @return {!proto_im_ListView<!Fields.TestEnum>}
   */
  getRepeatedEnumLowerCaseUnderscoreList() {
    return /** @type {!proto_im_ListView<!Fields.TestEnum>} */ (
        this.internal_getRepeatedIntField(10));
  }

  /**
   * @return {number}
   */
  getRepeatedEnumLowerCaseCamelCount() {
    return this.internal_getRepeatedFieldCount(11);
  }

  /**
   * @param {number} index
   * @return {!Fields.TestEnum}
   */
  getRepeatedEnumLowerCaseCamel(index) {
    return /** @type {!Fields.TestEnum} */ (
        this.internal_getIntElement(11, index));
  }

  /**
   *
   * @return {!proto_im_ListView<!Fields.TestEnum>}
   */
  getRepeatedEnumLowerCaseCamelList() {
    return /** @type {!proto_im_ListView<!Fields.TestEnum>} */ (
        this.internal_getRepeatedIntField(11));
  }

  /**
   * @return {number}
   */
  getRepeatedEnumUpperCaseCamelCount() {
    return this.internal_getRepeatedFieldCount(12);
  }

  /**
   * @param {number} index
   * @return {!Fields.TestEnum}
   */
  getRepeatedEnumUpperCaseCamel(index) {
    return /** @type {!Fields.TestEnum} */ (
        this.internal_getIntElement(12, index));
  }

  /**
   *
   * @return {!proto_im_ListView<!Fields.TestEnum>}
   */
  getRepeatedEnumUpperCaseCamelList() {
    return /** @type {!proto_im_ListView<!Fields.TestEnum>} */ (
        this.internal_getRepeatedIntField(12));
  }

  /**
   * @return {boolean}
   */
  hasMessageLowerCaseUnderscore() {
    return this.internal_hasField(13);
  }

  /**
   *
   * @return {!Fields.Nested}
   */
  getMessageLowerCaseUnderscore() {
    return this.internal_getMessageField(13, Fields.Nested);
  }

  /**
   * @return {boolean}
   */
  hasMessageLowerCaseCamel() {
    return this.internal_hasField(14);
  }

  /**
   *
   * @return {!Fields.Nested}
   */
  getMessageLowerCaseCamel() {
    return this.internal_getMessageField(14, Fields.Nested);
  }

  /**
   * @return {boolean}
   */
  hasMessageUpperCaseCamel() {
    return this.internal_hasField(15);
  }

  /**
   *
   * @return {!Fields.Nested}
   */
  getMessageUpperCaseCamel() {
    return this.internal_getMessageField(15, Fields.Nested);
  }

  /**
   * @return {number}
   */
  getRepeatedMessageLowerCaseUnderscoreCount() {
    return this.internal_getRepeatedFieldCount(16);
  }

  /**
   * @param {number} index
   * @return {!Fields.Nested}
   */
  getRepeatedMessageLowerCaseUnderscore(index) {
    return this.internal_getMessageElement(16, index, Fields.Nested);
  }

  /**
   *
   * @return {!proto_im_ListView<!Fields.Nested>}
   */
  getRepeatedMessageLowerCaseUnderscoreList() {
    return this.internal_getRepeatedMessageField(16, Fields.Nested);
  }

  /**
   * @return {number}
   */
  getRepeatedMessageLowerCaseCamelCount() {
    return this.internal_getRepeatedFieldCount(17);
  }

  /**
   * @param {number} index
   * @return {!Fields.Nested}
   */
  getRepeatedMessageLowerCaseCamel(index) {
    return this.internal_getMessageElement(17, index, Fields.Nested);
  }

  /**
   *
   * @return {!proto_im_ListView<!Fields.Nested>}
   */
  getRepeatedMessageLowerCaseCamelList() {
    return this.internal_getRepeatedMessageField(17, Fields.Nested);
  }

  /**
   * @return {number}
   */
  getRepeatedMessageUpperCaseCamelCount() {
    return this.internal_getRepeatedFieldCount(18);
  }

  /**
   * @param {number} index
   * @return {!Fields.Nested}
   */
  getRepeatedMessageUpperCaseCamel(index) {
    return this.internal_getMessageElement(18, index, Fields.Nested);
  }

  /**
   *
   * @return {!proto_im_ListView<!Fields.Nested>}
   */
  getRepeatedMessageUpperCaseCamelList() {
    return this.internal_getRepeatedMessageField(18, Fields.Nested);
  }
}


// Extensions start
// Extensions end

/**
 * @override
 * @struct
 * @final
 * @extends {proto_im_InternalMessage.Builder<!Fields, !Fields.Builder>}
 */
Fields.Builder = class extends proto_im_InternalMessage.Builder {
  /**
   * @param {!Fields} message
   * @private
   */
  constructor(message) {
    super(message);
  }

  /**
   * @return {boolean}
   */
  hasPrimitiveLowerCaseUnderscore() {
    return this.message.hasPrimitiveLowerCaseUnderscore();
  }

  /**
   *
   * @return {!boolean}
   */
  getPrimitiveLowerCaseUnderscore() {
    return this.message.getPrimitiveLowerCaseUnderscore();
  }

  /**
   *
   * @param {!boolean} value
   * @return {!Fields.Builder}
   */
  setPrimitiveLowerCaseUnderscore(value) {
    return this.internal_setBooleanField(1, value);
  }

  /**
   * @return {!Fields.Builder}
   */
  clearPrimitiveLowerCaseUnderscore() {
    return this.internal_clearField(1);
  }
  /**
   * @return {boolean}
   */
  hasPrimitiveLowerCaseCamel() {
    return this.message.hasPrimitiveLowerCaseCamel();
  }

  /**
   *
   * @return {!boolean}
   */
  getPrimitiveLowerCaseCamel() {
    return this.message.getPrimitiveLowerCaseCamel();
  }

  /**
   *
   * @param {!boolean} value
   * @return {!Fields.Builder}
   */
  setPrimitiveLowerCaseCamel(value) {
    return this.internal_setBooleanField(2, value);
  }

  /**
   * @return {!Fields.Builder}
   */
  clearPrimitiveLowerCaseCamel() {
    return this.internal_clearField(2);
  }
  /**
   * @return {boolean}
   */
  hasPrimitiveUpperCaseCamel() {
    return this.message.hasPrimitiveUpperCaseCamel();
  }

  /**
   *
   * @return {!boolean}
   */
  getPrimitiveUpperCaseCamel() {
    return this.message.getPrimitiveUpperCaseCamel();
  }

  /**
   *
   * @param {!boolean} value
   * @return {!Fields.Builder}
   */
  setPrimitiveUpperCaseCamel(value) {
    return this.internal_setBooleanField(3, value);
  }

  /**
   * @return {!Fields.Builder}
   */
  clearPrimitiveUpperCaseCamel() {
    return this.internal_clearField(3);
  }
  /**
   * @return {number}
   */
  getRepeatedPrimitiveLowerCaseUnderscoreCount() {
    return this.message.getRepeatedPrimitiveLowerCaseUnderscoreCount();
  }

  /**
   * @param {number} index
   * @return {!boolean}
   */
  getRepeatedPrimitiveLowerCaseUnderscore(index) {
    return this.message.getRepeatedPrimitiveLowerCaseUnderscore(index);
  }

  /**
   *
   * @return {!proto_im_ListView<!boolean>}
   */
  getRepeatedPrimitiveLowerCaseUnderscoreList() {
    return this.message.getRepeatedPrimitiveLowerCaseUnderscoreList();
  }

  /**
   * @param {number} index
   * @param {!boolean} value
   * @return {!Fields.Builder}
   */
  setRepeatedPrimitiveLowerCaseUnderscore(index, value) {
    return this.internal_setBooleanElement(4, index, value);
  }

  /**
   *
   * @param {!boolean} value
   * @return {!Fields.Builder}
   */
  addRepeatedPrimitiveLowerCaseUnderscore(value) {
    return this.internal_addBooleanElement(4, value);
  }

  /**
   *
   * @param {!Iterable<!boolean>} values
   * @return {!Fields.Builder}
   */
  addAllRepeatedPrimitiveLowerCaseUnderscore(values) {
    return this.internal_addAllBooleanElements(4, values);
  }

  /**
   * @return {!Fields.Builder}
   */
  clearRepeatedPrimitiveLowerCaseUnderscore() {
    return this.internal_clearField(4);
  }
  /**
   * @return {number}
   */
  getRepeatedPrimitiveLowerCaseCamelCount() {
    return this.message.getRepeatedPrimitiveLowerCaseCamelCount();
  }

  /**
   * @param {number} index
   * @return {!boolean}
   */
  getRepeatedPrimitiveLowerCaseCamel(index) {
    return this.message.getRepeatedPrimitiveLowerCaseCamel(index);
  }

  /**
   *
   * @return {!proto_im_ListView<!boolean>}
   */
  getRepeatedPrimitiveLowerCaseCamelList() {
    return this.message.getRepeatedPrimitiveLowerCaseCamelList();
  }

  /**
   * @param {number} index
   * @param {!boolean} value
   * @return {!Fields.Builder}
   */
  setRepeatedPrimitiveLowerCaseCamel(index, value) {
    return this.internal_setBooleanElement(5, index, value);
  }

  /**
   *
   * @param {!boolean} value
   * @return {!Fields.Builder}
   */
  addRepeatedPrimitiveLowerCaseCamel(value) {
    return this.internal_addBooleanElement(5, value);
  }

  /**
   *
   * @param {!Iterable<!boolean>} values
   * @return {!Fields.Builder}
   */
  addAllRepeatedPrimitiveLowerCaseCamel(values) {
    return this.internal_addAllBooleanElements(5, values);
  }

  /**
   * @return {!Fields.Builder}
   */
  clearRepeatedPrimitiveLowerCaseCamel() {
    return this.internal_clearField(5);
  }
  /**
   * @return {number}
   */
  getRepeatedPrimitiveUpperCaseCamelCount() {
    return this.message.getRepeatedPrimitiveUpperCaseCamelCount();
  }

  /**
   * @param {number} index
   * @return {!boolean}
   */
  getRepeatedPrimitiveUpperCaseCamel(index) {
    return this.message.getRepeatedPrimitiveUpperCaseCamel(index);
  }

  /**
   *
   * @return {!proto_im_ListView<!boolean>}
   */
  getRepeatedPrimitiveUpperCaseCamelList() {
    return this.message.getRepeatedPrimitiveUpperCaseCamelList();
  }

  /**
   * @param {number} index
   * @param {!boolean} value
   * @return {!Fields.Builder}
   */
  setRepeatedPrimitiveUpperCaseCamel(index, value) {
    return this.internal_setBooleanElement(6, index, value);
  }

  /**
   *
   * @param {!boolean} value
   * @return {!Fields.Builder}
   */
  addRepeatedPrimitiveUpperCaseCamel(value) {
    return this.internal_addBooleanElement(6, value);
  }

  /**
   *
   * @param {!Iterable<!boolean>} values
   * @return {!Fields.Builder}
   */
  addAllRepeatedPrimitiveUpperCaseCamel(values) {
    return this.internal_addAllBooleanElements(6, values);
  }

  /**
   * @return {!Fields.Builder}
   */
  clearRepeatedPrimitiveUpperCaseCamel() {
    return this.internal_clearField(6);
  }
  /**
   * @return {boolean}
   */
  hasEnumLowerCaseUnderscore() {
    return this.message.hasEnumLowerCaseUnderscore();
  }

  /**
   *
   * @return {!Fields.TestEnum}
   */
  getEnumLowerCaseUnderscore() {
    return this.message.getEnumLowerCaseUnderscore();
  }

  /**
   *
   * @param {!Fields.TestEnum} value
   * @return {!Fields.Builder}
   */
  setEnumLowerCaseUnderscore(value) {
    return this.internal_setIntField(7, value);
  }

  /**
   * @return {!Fields.Builder}
   */
  clearEnumLowerCaseUnderscore() {
    return this.internal_clearField(7);
  }
  /**
   * @return {boolean}
   */
  hasEnumLowerCaseCamel() {
    return this.message.hasEnumLowerCaseCamel();
  }

  /**
   *
   * @return {!Fields.TestEnum}
   */
  getEnumLowerCaseCamel() {
    return this.message.getEnumLowerCaseCamel();
  }

  /**
   *
   * @param {!Fields.TestEnum} value
   * @return {!Fields.Builder}
   */
  setEnumLowerCaseCamel(value) {
    return this.internal_setIntField(8, value);
  }

  /**
   * @return {!Fields.Builder}
   */
  clearEnumLowerCaseCamel() {
    return this.internal_clearField(8);
  }
  /**
   * @return {boolean}
   */
  hasEnumUpperCaseCamel() {
    return this.message.hasEnumUpperCaseCamel();
  }

  /**
   *
   * @return {!Fields.TestEnum}
   */
  getEnumUpperCaseCamel() {
    return this.message.getEnumUpperCaseCamel();
  }

  /**
   *
   * @param {!Fields.TestEnum} value
   * @return {!Fields.Builder}
   */
  setEnumUpperCaseCamel(value) {
    return this.internal_setIntField(9, value);
  }

  /**
   * @return {!Fields.Builder}
   */
  clearEnumUpperCaseCamel() {
    return this.internal_clearField(9);
  }
  /**
   * @return {number}
   */
  getRepeatedEnumLowerCaseUnderscoreCount() {
    return this.message.getRepeatedEnumLowerCaseUnderscoreCount();
  }

  /**
   * @param {number} index
   * @return {!Fields.TestEnum}
   */
  getRepeatedEnumLowerCaseUnderscore(index) {
    return this.message.getRepeatedEnumLowerCaseUnderscore(index);
  }

  /**
   *
   * @return {!proto_im_ListView<!Fields.TestEnum>}
   */
  getRepeatedEnumLowerCaseUnderscoreList() {
    return this.message.getRepeatedEnumLowerCaseUnderscoreList();
  }

  /**
   * @param {number} index
   * @param {!Fields.TestEnum} value
   * @return {!Fields.Builder}
   */
  setRepeatedEnumLowerCaseUnderscore(index, value) {
    return this.internal_setIntElement(10, index, value);
  }

  /**
   *
   * @param {!Fields.TestEnum} value
   * @return {!Fields.Builder}
   */
  addRepeatedEnumLowerCaseUnderscore(value) {
    return this.internal_addIntElement(10, value);
  }

  /**
   *
   * @param {!Iterable<!Fields.TestEnum>} values
   * @return {!Fields.Builder}
   */
  addAllRepeatedEnumLowerCaseUnderscore(values) {
    return this.internal_addAllIntElements(10, values);
  }

  /**
   * @return {!Fields.Builder}
   */
  clearRepeatedEnumLowerCaseUnderscore() {
    return this.internal_clearField(10);
  }
  /**
   * @return {number}
   */
  getRepeatedEnumLowerCaseCamelCount() {
    return this.message.getRepeatedEnumLowerCaseCamelCount();
  }

  /**
   * @param {number} index
   * @return {!Fields.TestEnum}
   */
  getRepeatedEnumLowerCaseCamel(index) {
    return this.message.getRepeatedEnumLowerCaseCamel(index);
  }

  /**
   *
   * @return {!proto_im_ListView<!Fields.TestEnum>}
   */
  getRepeatedEnumLowerCaseCamelList() {
    return this.message.getRepeatedEnumLowerCaseCamelList();
  }

  /**
   * @param {number} index
   * @param {!Fields.TestEnum} value
   * @return {!Fields.Builder}
   */
  setRepeatedEnumLowerCaseCamel(index, value) {
    return this.internal_setIntElement(11, index, value);
  }

  /**
   *
   * @param {!Fields.TestEnum} value
   * @return {!Fields.Builder}
   */
  addRepeatedEnumLowerCaseCamel(value) {
    return this.internal_addIntElement(11, value);
  }

  /**
   *
   * @param {!Iterable<!Fields.TestEnum>} values
   * @return {!Fields.Builder}
   */
  addAllRepeatedEnumLowerCaseCamel(values) {
    return this.internal_addAllIntElements(11, values);
  }

  /**
   * @return {!Fields.Builder}
   */
  clearRepeatedEnumLowerCaseCamel() {
    return this.internal_clearField(11);
  }
  /**
   * @return {number}
   */
  getRepeatedEnumUpperCaseCamelCount() {
    return this.message.getRepeatedEnumUpperCaseCamelCount();
  }

  /**
   * @param {number} index
   * @return {!Fields.TestEnum}
   */
  getRepeatedEnumUpperCaseCamel(index) {
    return this.message.getRepeatedEnumUpperCaseCamel(index);
  }

  /**
   *
   * @return {!proto_im_ListView<!Fields.TestEnum>}
   */
  getRepeatedEnumUpperCaseCamelList() {
    return this.message.getRepeatedEnumUpperCaseCamelList();
  }

  /**
   * @param {number} index
   * @param {!Fields.TestEnum} value
   * @return {!Fields.Builder}
   */
  setRepeatedEnumUpperCaseCamel(index, value) {
    return this.internal_setIntElement(12, index, value);
  }

  /**
   *
   * @param {!Fields.TestEnum} value
   * @return {!Fields.Builder}
   */
  addRepeatedEnumUpperCaseCamel(value) {
    return this.internal_addIntElement(12, value);
  }

  /**
   *
   * @param {!Iterable<!Fields.TestEnum>} values
   * @return {!Fields.Builder}
   */
  addAllRepeatedEnumUpperCaseCamel(values) {
    return this.internal_addAllIntElements(12, values);
  }

  /**
   * @return {!Fields.Builder}
   */
  clearRepeatedEnumUpperCaseCamel() {
    return this.internal_clearField(12);
  }
  /**
   * @return {boolean}
   */
  hasMessageLowerCaseUnderscore() {
    return this.message.hasMessageLowerCaseUnderscore();
  }

  /**
   *
   * @return {!Fields.Nested}
   */
  getMessageLowerCaseUnderscore() {
    return this.message.getMessageLowerCaseUnderscore();
  }

  /**
   *
   * @param {!Fields.Nested|!Fields.Nested.Builder} value
   * @return {!Fields.Builder}
   */
  setMessageLowerCaseUnderscore(value) {
    return this.internal_setMessageField(13, value);
  }

  /**
   * @return {!Fields.Builder}
   */
  clearMessageLowerCaseUnderscore() {
    return this.internal_clearField(13);
  }
  /**
   * @return {boolean}
   */
  hasMessageLowerCaseCamel() {
    return this.message.hasMessageLowerCaseCamel();
  }

  /**
   *
   * @return {!Fields.Nested}
   */
  getMessageLowerCaseCamel() {
    return this.message.getMessageLowerCaseCamel();
  }

  /**
   *
   * @param {!Fields.Nested|!Fields.Nested.Builder} value
   * @return {!Fields.Builder}
   */
  setMessageLowerCaseCamel(value) {
    return this.internal_setMessageField(14, value);
  }

  /**
   * @return {!Fields.Builder}
   */
  clearMessageLowerCaseCamel() {
    return this.internal_clearField(14);
  }
  /**
   * @return {boolean}
   */
  hasMessageUpperCaseCamel() {
    return this.message.hasMessageUpperCaseCamel();
  }

  /**
   *
   * @return {!Fields.Nested}
   */
  getMessageUpperCaseCamel() {
    return this.message.getMessageUpperCaseCamel();
  }

  /**
   *
   * @param {!Fields.Nested|!Fields.Nested.Builder} value
   * @return {!Fields.Builder}
   */
  setMessageUpperCaseCamel(value) {
    return this.internal_setMessageField(15, value);
  }

  /**
   * @return {!Fields.Builder}
   */
  clearMessageUpperCaseCamel() {
    return this.internal_clearField(15);
  }
  /**
   * @return {number}
   */
  getRepeatedMessageLowerCaseUnderscoreCount() {
    return this.message.getRepeatedMessageLowerCaseUnderscoreCount();
  }

  /**
   * @param {number} index
   * @return {!Fields.Nested}
   */
  getRepeatedMessageLowerCaseUnderscore(index) {
    return this.message.getRepeatedMessageLowerCaseUnderscore(index);
  }

  /**
   *
   * @return {!proto_im_ListView<!Fields.Nested>}
   */
  getRepeatedMessageLowerCaseUnderscoreList() {
    return this.message.getRepeatedMessageLowerCaseUnderscoreList();
  }

  /**
   * @param {number} index
   * @param {!Fields.Nested|!Fields.Nested.Builder} value
   * @return {!Fields.Builder}
   */
  setRepeatedMessageLowerCaseUnderscore(index, value) {
    return this.internal_setMessageElement(16, index, value);
  }

  /**
   *
   * @param {!Fields.Nested|!Fields.Nested.Builder} value
   * @return {!Fields.Builder}
   */
  addRepeatedMessageLowerCaseUnderscore(value) {
    return this.internal_addMessageElement(16, value);
  }

  /**
   *
   * @param {!Iterable<!Fields.Nested>|!Iterable<!Fields.Nested.Builder>} values
   * @return {!Fields.Builder}
   */
  addAllRepeatedMessageLowerCaseUnderscore(values) {
    return this.internal_addAllMessageElements(16, values);
  }

  /**
   * @return {!Fields.Builder}
   */
  clearRepeatedMessageLowerCaseUnderscore() {
    return this.internal_clearField(16);
  }
  /**
   * @return {number}
   */
  getRepeatedMessageLowerCaseCamelCount() {
    return this.message.getRepeatedMessageLowerCaseCamelCount();
  }

  /**
   * @param {number} index
   * @return {!Fields.Nested}
   */
  getRepeatedMessageLowerCaseCamel(index) {
    return this.message.getRepeatedMessageLowerCaseCamel(index);
  }

  /**
   *
   * @return {!proto_im_ListView<!Fields.Nested>}
   */
  getRepeatedMessageLowerCaseCamelList() {
    return this.message.getRepeatedMessageLowerCaseCamelList();
  }

  /**
   * @param {number} index
   * @param {!Fields.Nested|!Fields.Nested.Builder} value
   * @return {!Fields.Builder}
   */
  setRepeatedMessageLowerCaseCamel(index, value) {
    return this.internal_setMessageElement(17, index, value);
  }

  /**
   *
   * @param {!Fields.Nested|!Fields.Nested.Builder} value
   * @return {!Fields.Builder}
   */
  addRepeatedMessageLowerCaseCamel(value) {
    return this.internal_addMessageElement(17, value);
  }

  /**
   *
   * @param {!Iterable<!Fields.Nested>|!Iterable<!Fields.Nested.Builder>} values
   * @return {!Fields.Builder}
   */
  addAllRepeatedMessageLowerCaseCamel(values) {
    return this.internal_addAllMessageElements(17, values);
  }

  /**
   * @return {!Fields.Builder}
   */
  clearRepeatedMessageLowerCaseCamel() {
    return this.internal_clearField(17);
  }
  /**
   * @return {number}
   */
  getRepeatedMessageUpperCaseCamelCount() {
    return this.message.getRepeatedMessageUpperCaseCamelCount();
  }

  /**
   * @param {number} index
   * @return {!Fields.Nested}
   */
  getRepeatedMessageUpperCaseCamel(index) {
    return this.message.getRepeatedMessageUpperCaseCamel(index);
  }

  /**
   *
   * @return {!proto_im_ListView<!Fields.Nested>}
   */
  getRepeatedMessageUpperCaseCamelList() {
    return this.message.getRepeatedMessageUpperCaseCamelList();
  }

  /**
   * @param {number} index
   * @param {!Fields.Nested|!Fields.Nested.Builder} value
   * @return {!Fields.Builder}
   */
  setRepeatedMessageUpperCaseCamel(index, value) {
    return this.internal_setMessageElement(18, index, value);
  }

  /**
   *
   * @param {!Fields.Nested|!Fields.Nested.Builder} value
   * @return {!Fields.Builder}
   */
  addRepeatedMessageUpperCaseCamel(value) {
    return this.internal_addMessageElement(18, value);
  }

  /**
   *
   * @param {!Iterable<!Fields.Nested>|!Iterable<!Fields.Nested.Builder>} values
   * @return {!Fields.Builder}
   */
  addAllRepeatedMessageUpperCaseCamel(values) {
    return this.internal_addAllMessageElements(18, values);
  }

  /**
   * @return {!Fields.Builder}
   */
  clearRepeatedMessageUpperCaseCamel() {
    return this.internal_clearField(18);
  }
}

/**
 *
 * @struct
 * @final
 * @extends {proto_im_InternalMessage<!Fields.Nested, !Fields.Nested.Builder>}
 */
Fields.Nested = class Nested extends proto_im_InternalMessage {
  /**
   * Parses the json as a message of type Fields.Nested.
   * @param {string} json
   * @return {!Fields.Nested}
   */
  static parse(json) {
    return proto_im_InternalMessage.parseBase(Fields.Nested, json);
  }

  /**
   * Returns a builder for this message.
   * @param {!Fields.Nested=} message
   * @return {!Fields.Nested.Builder}
   */
  static newBuilder(message = Fields.Nested.getDefaultInstance()) {
    return new Fields.Nested.Builder(message);
  }

  /**
   * Returns the default instance for this message.
   * @return {!Fields.Nested}
   */
  static getDefaultInstance() {
    return proto_im_InternalMessage.getDefaultInstanceForMessage(Fields.Nested);
  }

  /**
   * @param {!Array<?>} data The array holding protobuf data.
   * @private
   */
  constructor(data) {
    super(data, 500, 0);
  }

  /**
   * Constructs a builder initialized with the current message.
   * @return {!Fields.Nested.Builder}
   * @override
   */
  toBuilder() {
    return new Fields.Nested.Builder(this);
  }
}


// Extensions start
// Extensions end

/**
 * @override
 * @struct
 * @final
 * @extends {proto_im_InternalMessage.Builder<!Fields.Nested,
 * !Fields.Nested.Builder>}
 */
Fields.Nested.Builder = class extends proto_im_InternalMessage.Builder {
  /**
   * @param {!Fields.Nested} message
   * @private
   */
  constructor(message) {
    super(message);
  }
}



/**
 *
 * @enum {number}
 */
Fields.TestEnum = {
  UNKNOWN: 0,
  BLUE: 1,
  RED: 2
};


exports = Fields;
