
/**
 * @fileoverview
 * @suppress {lateProvide}
 *
 * Generated code DO NOT EDIT
 * Generated by
 * //java/com/google/protobuf/contrib/immutablejs/generator:ImmutableJspbCompiler
 */
goog.module('improto.protobuf.contrib.immutablejs.protos.pivot');

const proto_im_InternalMessage = goog.require('proto.im.internal.InternalMessage');
const proto_im_Message = goog.require('proto.im.Message');
const improto_protobuf_contrib_immutablejs_protos_Pivot = goog.require('improto.protobuf.contrib.immutablejs.protos.Pivot');

const module = {};

/**
 * @const {!proto_im_Message.ExtensionFieldInfo<!improto_protobuf_contrib_immutablejs_protos_Pivot, !improto_protobuf_contrib_immutablejs_protos_Pivot>}
 */
module.pivotExtension =
    proto_im_InternalMessage.ExtensionFieldInfo.createSingleMessageExtension(
        1000, improto_protobuf_contrib_immutablejs_protos_Pivot);


exports = module;
