package com.google.protobuf.contrib.j2cl.protos;

public enum TestEnum implements com.google.protobuf.ProtocolMessageEnum {
  DEFAULT(0),
  GREEN(1),
  BLUE(2),
  RED(3);

  TestEnum(int value) {
    this.value = value;
  }

  private static TestEnum[] cachedValues;

  public static final TestEnum forNumber(int i) {
    if (cachedValues == null) {
      cachedValues = values();
    }
    return cachedValues[i];
  }

  private int value;

  public final int getNumber() {
    return value;
  }

  public static final int DEFAULT_VALUE = 0;

  public static final int GREEN_VALUE = 1;

  public static final int BLUE_VALUE = 2;

  public static final int RED_VALUE = 3;

  // DO NOT REFER TO FROM NON GENERATED CODE! SUBJECT TO CHANGE!
  // Native closure enum representation
  @jsinterop.annotations.JsType(
      isNative = true,
      name = "TestEnum",
      namespace = "improto.protobuf.contrib.j2cl.protos")
  public static final class Internal_ClosureEnum {
    @jsinterop.annotations.JsOverlay
    public static final Internal_ClosureEnum toClosureValue(TestEnum enumInstance) {
      return jsinterop.base.Js.uncheckedCast((double) enumInstance.getNumber());
    }

    @jsinterop.annotations.JsOverlay
    public static final TestEnum toEnum(Object closureEnum) {
      int i = jsinterop.base.Js.asInt(closureEnum);
      TestEnum value = TestEnum.forNumber(i);
      return value == null ? DEFAULT : value;
    }
  }
}
