package com.google.protobuf.contrib.j2cl.protos;

@jsinterop.annotations.JsType(
    isNative = true,
    name = "enums.multiple_files",
    namespace = "improto.protobuf.contrib.j2cl.protos")
public final class EnumsMultipleFiles {

  private EnumsMultipleFiles() {}
}
