/**
 * @fileoverview
 * @suppress {lateProvide}
 *
 * Generated code DO NOT EDIT
 * Generated by
 * //java/com/google/protobuf/contrib/immutablejs/generator:ImmutableJspbCompiler
 */
goog.module('improto.protobuf.contrib.immutablejs.protos.ProtoWithDashesMessage');

const proto_im_InternalMessage = goog.require('proto.im.internal.InternalMessage');
const proto_im_Message = goog.require('proto.im.Message');

/**
 *
 * @struct
 * @final
 * @extends {proto_im_InternalMessage<!ProtoWithDashesMessage,
 * !ProtoWithDashesMessage.Builder>}
 */
class ProtoWithDashesMessage extends proto_im_InternalMessage {
  /**
   * Parses the json as a message of type ProtoWithDashesMessage.
   * @param {string} json
   * @return {!ProtoWithDashesMessage}
   */
  static parse(json) {
    return proto_im_InternalMessage.parseBase(ProtoWithDashesMessage, json);
  }

  /**
   * Returns a builder for this message.
   * @param {!ProtoWithDashesMessage=} message
   * @return {!ProtoWithDashesMessage.Builder}
   */
  static newBuilder(message = ProtoWithDashesMessage.getDefaultInstance()) {
    return new ProtoWithDashesMessage.Builder(message);
  }

  /**
   * Returns the default instance for this message.
   * @return {!ProtoWithDashesMessage}
   */
  static getDefaultInstance() {
    return proto_im_InternalMessage.getDefaultInstanceForMessage(
        ProtoWithDashesMessage);
  }

  /**
   * @param {!Array<?>} data The array holding protobuf data.
   * @private
   */
  constructor(data) {
    super(data, 500, 0);
  }

  /**
   * Constructs a builder initialized with the current message.
   * @return {!ProtoWithDashesMessage.Builder}
   * @override
   */
  toBuilder() {
    return new ProtoWithDashesMessage.Builder(this);
  }
}


// Extensions start
// Extensions end

/**
 * @override
 * @struct
 * @final
 * @extends {proto_im_InternalMessage.Builder<!ProtoWithDashesMessage,
 * !ProtoWithDashesMessage.Builder>}
 */
ProtoWithDashesMessage.Builder =
    class extends proto_im_InternalMessage.Builder {
  /**
   * @param {!ProtoWithDashesMessage} message
   * @private
   */
  constructor(message) {
    super(message);
  }
}



exports = ProtoWithDashesMessage;
