package com.google.protobuf.contrib.j2cl.protos;

public enum EnumWithAliases implements com.google.protobuf.ProtocolMessageEnum {
  UNKNOWN(0),
  ORIGINAL(1),
  ALIAS(1);

  EnumWithAliases(int value) {
    this.value = value;
  }

  public static final EnumWithAliases forNumber(int i) {
    switch (i) {
      case 0:
        return UNKNOWN;
      case 1:
        return ORIGINAL;
    }
    return null;
  }

  private int value;

  public final int getNumber() {
    return value;
  }

  public static final int UNKNOWN_VALUE = 0;

  public static final int ORIGINAL_VALUE = 1;

  public static final int ALIAS_VALUE = 1;

  // DO NOT REFER TO FROM NON GENERATED CODE! SUBJECT TO CHANGE!
  // Native closure enum representation
  @jsinterop.annotations.JsType(
      isNative = true,
      name = "EnumWithAliases",
      namespace = "improto.protobuf.contrib.j2cl.protos")
  public static final class Internal_ClosureEnum {
    @jsinterop.annotations.JsOverlay
    public static final Internal_ClosureEnum toClosureValue(EnumWithAliases enumInstance) {
      return jsinterop.base.Js.uncheckedCast((double) enumInstance.getNumber());
    }

    @jsinterop.annotations.JsOverlay
    public static final EnumWithAliases toEnum(Object closureEnum) {
      int i = jsinterop.base.Js.asInt(closureEnum);
      EnumWithAliases value = EnumWithAliases.forNumber(i);
      return value == null ? UNKNOWN : value;
    }
  }
}
