package com.google.protobuf.contrib.j2cl.protos;

@jsinterop.annotations.JsEnum(
    isNative = true,
    name = "NativeEnumWithAliases",
    namespace = "improto.protobuf.contrib.j2cl.protos",
    hasCustomValue = true)
public enum NativeEnumWithAliases {
  DEFAULT,
  NATIVE_ORIGINAL,
  NATIVE_ALIAS;

  @jsinterop.annotations.JsOverlay
  public static final NativeEnumWithAliases forNumber(int i) {
    return jsinterop.base.Js.uncheckedCast((double) i);
  }

  private int value;

  @jsinterop.annotations.JsOverlay
  public final int getNumber() {
    return value;
  }

  @jsinterop.annotations.JsOverlay public static final int DEFAULT_VALUE = 0;
  @jsinterop.annotations.JsOverlay public static final int NATIVE_ORIGINAL_VALUE = 1;
  @jsinterop.annotations.JsOverlay public static final int NATIVE_ALIAS_VALUE = 1;

  // DO NOT REFER TO FROM NON GENERATED CODE! SUBJECT TO CHANGE!
  // Native closure enum representation
  @jsinterop.annotations.JsType(
      isNative = true,
      name = "NativeEnumWithAliases",
      namespace = "improto.protobuf.contrib.j2cl.protos")
  public static final class Internal_ClosureEnum {
    @jsinterop.annotations.JsOverlay
    public static final Internal_ClosureEnum toClosureValue(NativeEnumWithAliases enumInstance) {
      return jsinterop.base.Js.uncheckedCast((double) enumInstance.getNumber());
    }

    @jsinterop.annotations.JsOverlay
    public static final NativeEnumWithAliases toEnum(Object closureEnum) {
      return jsinterop.base.Js.uncheckedCast(closureEnum);
    }
  }
}
