/**
 * @fileoverview
 * @suppress {lateProvide}
 *
 * Generated code DO NOT EDIT
 * Generated by
 * //java/com/google/protobuf/contrib/immutablejs/generator:ImmutableJspbCompiler
 */
goog.module('improto.protobuf.contrib.immutablejs.protos.TestNoCommentsProto');

const proto_im_InternalMessage = goog.require('proto.im.internal.InternalMessage');
const proto_im_Message = goog.require('proto.im.Message');
const goog_math_Long = goog.require('goog.math.Long');

/**
 *
 * @struct
 * @final
 * @extends {proto_im_InternalMessage<!TestNoCommentsProto,
 * !TestNoCommentsProto.Builder>}
 */
class TestNoCommentsProto extends proto_im_InternalMessage {
  /**
   * Parses the json as a message of type TestNoCommentsProto.
   * @param {string} json
   * @return {!TestNoCommentsProto}
   */
  static parse(json) {
    return proto_im_InternalMessage.parseBase(TestNoCommentsProto, json);
  }

  /**
   * Returns a builder for this message.
   * @param {!TestNoCommentsProto=} message
   * @return {!TestNoCommentsProto.Builder}
   */
  static newBuilder(message = TestNoCommentsProto.getDefaultInstance()) {
    return new TestNoCommentsProto.Builder(message);
  }

  /**
   * Returns the default instance for this message.
   * @return {!TestNoCommentsProto}
   */
  static getDefaultInstance() {
    return proto_im_InternalMessage.getDefaultInstanceForMessage(
        TestNoCommentsProto);
  }

  /**
   * @param {!Array<?>} data The array holding protobuf data.
   * @private
   */
  constructor(data) {
    super(data, -1, 0);
  }

  /**
   * Constructs a builder initialized with the current message.
   * @return {!TestNoCommentsProto.Builder}
   * @override
   */
  toBuilder() {
    return new TestNoCommentsProto.Builder(this);
  }

  /**
   * @return {boolean}
   */
  hasAField() {
    return this.internal_hasField(1);
  }

  /**
   *
   * @return {!number}
   */
  getAField() {
    return this.internal_getIntField(1);
  }

  /**
   * @return {boolean}
   */
  hasAString() {
    return this.internal_hasField(2);
  }

  /**
   *
   * @return {!string}
   */
  getAString() {
    return this.internal_getStringField(2);
  }

  /**
   * @return {boolean}
   */
  hasASecondString() {
    return this.internal_hasField(3);
  }

  /**
   *
   * @return {!string}
   */
  getASecondString() {
    return this.internal_getStringField(3);
  }

  /**
   * @return {boolean}
   */
  hasAnotherField() {
    return this.internal_hasField(4);
  }

  /**
   *
   * @return {!goog_math_Long}
   */
  getAnotherField() {
    return this.internal_getInt52LongField(4);
  }

  /**
   * @return {!TestNoCommentsProto.AOneofCase}
   */
  getAOneofCase() {
    if (this.internal_hasField(2)) {
      return TestNoCommentsProto.AOneofCase.A_STRING;
    }
    if (this.internal_hasField(3)) {
      return TestNoCommentsProto.AOneofCase.A_SECOND_STRING;
    }
    return TestNoCommentsProto.AOneofCase.AONEOF_NOT_SET;
  }
}

/**
 *
 * @enum {number}
 */
TestNoCommentsProto.AOneofCase = {
  AONEOF_NOT_SET: 0,
  A_STRING: 2,
  A_SECOND_STRING: 3,
};

// Extensions start
// Extensions end

/**
 * @override
 * @struct
 * @final
 * @extends {proto_im_InternalMessage.Builder<!TestNoCommentsProto,
 * !TestNoCommentsProto.Builder>}
 */
TestNoCommentsProto.Builder = class extends proto_im_InternalMessage.Builder {
  /**
   * @param {!TestNoCommentsProto} message
   * @private
   */
  constructor(message) {
    super(message);
  }

  /**
   * @return {boolean}
   */
  hasAField() {
    return this.message.hasAField();
  }

  /**
   *
   * @return {!number}
   */
  getAField() {
    return this.message.getAField();
  }

  /**
   *
   * @param {!number} value
   * @return {!TestNoCommentsProto.Builder}
   */
  setAField(value) {
    return this.internal_setIntField(1, value);
  }

  /**
   * @return {!TestNoCommentsProto.Builder}
   */
  clearAField() {
    return this.internal_clearField(1);
  }
  /**
   * @return {boolean}
   */
  hasAString() {
    return this.message.hasAString();
  }

  /**
   *
   * @return {!string}
   */
  getAString() {
    return this.message.getAString();
  }

  /**
   *
   * @param {!string} value
   * @return {!TestNoCommentsProto.Builder}
   */
  setAString(value) {
    this.internal_clearAOneofCase();
    return this.internal_setStringField(2, value);
  }

  /**
   * @return {!TestNoCommentsProto.Builder}
   */
  clearAString() {
    return this.internal_clearField(2);
  }
  /**
   * @return {boolean}
   */
  hasASecondString() {
    return this.message.hasASecondString();
  }

  /**
   *
   * @return {!string}
   */
  getASecondString() {
    return this.message.getASecondString();
  }

  /**
   *
   * @param {!string} value
   * @return {!TestNoCommentsProto.Builder}
   */
  setASecondString(value) {
    this.internal_clearAOneofCase();
    return this.internal_setStringField(3, value);
  }

  /**
   * @return {!TestNoCommentsProto.Builder}
   */
  clearASecondString() {
    return this.internal_clearField(3);
  }
  /**
   * @return {boolean}
   */
  hasAnotherField() {
    return this.message.hasAnotherField();
  }

  /**
   *
   * @return {!goog_math_Long}
   */
  getAnotherField() {
    return this.message.getAnotherField();
  }

  /**
   *
   * @param {!goog_math_Long} value
   * @return {!TestNoCommentsProto.Builder}
   */
  setAnotherField(value) {
    return this.internal_setInt52LongField(4, value);
  }

  /**
   * @return {!TestNoCommentsProto.Builder}
   */
  clearAnotherField() {
    return this.internal_clearField(4);
  }

  /**
   * @return {!TestNoCommentsProto.AOneofCase}
   */
  getAOneofCase() {
    return this.message.getAOneofCase();
  }

  /**
   * @private
   */
  internal_clearAOneofCase() {
    this.internal_clearFields(2, 3);
  }
}



/**
 *
 * @enum {number}
 */
TestNoCommentsProto.AnEnumWithNoComment = {
  AN_ENUM_UNDEFINED: 0,
  FIRST: 1,
  SECOND: 2
};


exports = TestNoCommentsProto;
