
/**
 * @fileoverview
 * @suppress {lateProvide}
 *
 * Generated code DO NOT EDIT
 * Generated by
 * //java/com/google/protobuf/contrib/immutablejs/generator:ImmutableJspbCompiler
 */
goog.module('improto.protobuf.contrib.immutablejs.protos.TestCommentsProto');

const proto_im_InternalMessage = goog.require('proto.im.internal.InternalMessage');
const proto_im_Message = goog.require('proto.im.Message');
const goog_math_Long = goog.require('goog.math.Long');

/**
 * Expected message comment.
 * @struct
 * @final
 * @extends {proto_im_InternalMessage<!TestCommentsProto,
 * !TestCommentsProto.Builder>}
 */
class TestCommentsProto extends proto_im_InternalMessage {
  /**
   * Parses the json as a message of type TestCommentsProto.
   * @param {string} json
   * @return {!TestCommentsProto}
   */
  static parse(json) {
    return proto_im_InternalMessage.parseBase(TestCommentsProto, json);
  }

  /**
   * Returns a builder for this message.
   * @param {!TestCommentsProto=} message
   * @return {!TestCommentsProto.Builder}
   */
  static newBuilder(message = TestCommentsProto.getDefaultInstance()) {
    return new TestCommentsProto.Builder(message);
  }

  /**
   * Returns the default instance for this message.
   * @return {!TestCommentsProto}
   */
  static getDefaultInstance() {
    return proto_im_InternalMessage.getDefaultInstanceForMessage(
        TestCommentsProto);
  }

  /**
   * @param {!Array<?>} data The array holding protobuf data.
   * @private
   */
  constructor(data) {
    super(data, -1, 0);
  }

  /**
   * Constructs a builder initialized with the current message.
   * @return {!TestCommentsProto.Builder}
   * @override
   */
  toBuilder() {
    return new TestCommentsProto.Builder(this);
  }


  /**
   * @return {boolean}
   */
  hasAField() {
    return this.internal_hasField(1);
  }

  /**
   * Expected field comment.
   * @return {!number}
   */
  getAField() {
    return this.internal_getIntField(1);
  }


  /**
   * @return {boolean}
   */
  hasAString() {
    return this.internal_hasField(2);
  }

  /**
   * Expected field comment.
   * @return {!string}
   */
  getAString() {
    return this.internal_getStringField(2);
  }


  /**
   * @return {boolean}
   */
  hasASecondString() {
    return this.internal_hasField(3);
  }

  /**
   * Expected field comment.
   * @return {!string}
   */
  getASecondString() {
    return this.internal_getStringField(3);
  }


  /**
   * @return {boolean}
   */
  hasAnotherField() {
    return this.internal_hasField(4);
  }

  /**
   * Expected multi-line field comment.  A Nearby Rooster is in high definition.
   * A Faraway Rooster is out of focus.
   * @return {!goog_math_Long}
   */
  getAnotherField() {
    return this.internal_getInt52LongField(4);
  }

  /**
   * @return {!TestCommentsProto.AOneofCase}
   */
  getAOneofCase() {
    if (this.internal_hasField(2)) {
      return TestCommentsProto.AOneofCase.A_STRING;
    }
    if (this.internal_hasField(3)) {
      return TestCommentsProto.AOneofCase.A_SECOND_STRING;
    }
    return TestCommentsProto.AOneofCase.AONEOF_NOT_SET;
  }
}


/**
 * Expected oneof comment.
 * @enum {number}
 */
TestCommentsProto.AOneofCase = {
  AONEOF_NOT_SET: 0,
  A_STRING: 2,
  A_SECOND_STRING: 3,
};

// Extensions start

// Extensions end

/**
 * @override
 * @struct
 * @final
 * @extends {proto_im_InternalMessage.Builder<!TestCommentsProto,
 * !TestCommentsProto.Builder>}
 */
TestCommentsProto.Builder = class extends proto_im_InternalMessage.Builder {
  /**
   * @param {!TestCommentsProto} message
   * @private
   */
  constructor(message) {
    super(message);
  }

  /**
   * @return {boolean}
   */
  hasAField() {
    return this.message.hasAField();
  }

  /**
   * Expected field comment.
   * @return {!number}
   */
  getAField() {
    return this.message.getAField();
  }

  /**
   * Expected field comment.
   * @param {!number} value
   * @return {!TestCommentsProto.Builder}
   */
  setAField(value) {
    return this.internal_setIntField(1, value);
  }

  /**
   * @return {!TestCommentsProto.Builder}
   */
  clearAField() {
    return this.internal_clearField(1);
  }
  /**
   * @return {boolean}
   */
  hasAString() {
    return this.message.hasAString();
  }

  /**
   * Expected field comment.
   * @return {!string}
   */
  getAString() {
    return this.message.getAString();
  }

  /**
   * Expected field comment.
   * @param {!string} value
   * @return {!TestCommentsProto.Builder}
   */
  setAString(value) {
    this.internal_clearAOneofCase();
    return this.internal_setStringField(2, value);
  }

  /**
   * @return {!TestCommentsProto.Builder}
   */
  clearAString() {
    return this.internal_clearField(2);
  }
  /**
   * @return {boolean}
   */
  hasASecondString() {
    return this.message.hasASecondString();
  }

  /**
   * Expected field comment.
   * @return {!string}
   */
  getASecondString() {
    return this.message.getASecondString();
  }

  /**
   * Expected field comment.
   * @param {!string} value
   * @return {!TestCommentsProto.Builder}
   */
  setASecondString(value) {
    this.internal_clearAOneofCase();
    return this.internal_setStringField(3, value);
  }

  /**
   * @return {!TestCommentsProto.Builder}
   */
  clearASecondString() {
    return this.internal_clearField(3);
  }
  /**
   * @return {boolean}
   */
  hasAnotherField() {
    return this.message.hasAnotherField();
  }

  /**
   * Expected multi-line field comment.  A Nearby Rooster is in high definition.
   * A Faraway Rooster is out of focus.
   * @return {!goog_math_Long}
   */
  getAnotherField() {
    return this.message.getAnotherField();
  }

  /**
   * Expected multi-line field comment.  A Nearby Rooster is in high definition.
   * A Faraway Rooster is out of focus.
   * @param {!goog_math_Long} value
   * @return {!TestCommentsProto.Builder}
   */
  setAnotherField(value) {
    return this.internal_setInt52LongField(4, value);
  }

  /**
   * @return {!TestCommentsProto.Builder}
   */
  clearAnotherField() {
    return this.internal_clearField(4);
  }

  /**
   * @return {!TestCommentsProto.AOneofCase}
   */
  getAOneofCase() {
    return this.message.getAOneofCase();
  }

  /**
   * @private
   */
  internal_clearAOneofCase() {
    this.internal_clearFields(2, 3);
  }
}



/**
 * Expected enum comment.
 * @enum {number}
 */
TestCommentsProto.AnEnum = {
  AN_ENUM_UNDEFINED: 0,
  FIRST: 1,
  SECOND: 2
};


exports = TestCommentsProto;
