package com.google.protobuf.contrib.j2cl.protos;

@jsinterop.annotations.JsType(
    isNative = true,
    name = "native_enum.multiple_files",
    namespace = "improto.protobuf.contrib.j2cl.protos")
public final class NativeEnumMultipleFiles {

  private NativeEnumMultipleFiles() {}

  @jsinterop.annotations.JsProperty(name = "topLevelNativeEnum")
  private static com.google.protobuf.GeneratedMessageLite.Internal_.ExtensionFieldInfo<
          com.google.protobuf.contrib.j2cl.protos.MainMessage, ?>
      internal_topLevelNativeEnum;

  @jsinterop.annotations.JsOverlay
  public static final com.google.protobuf.ExtensionLite<
          com.google.protobuf.contrib.j2cl.protos.MainMessage,
          com.google.protobuf.contrib.j2cl.protos.TopLevelNativeEnum>
      topLevelNativeEnum =
          com.google.protobuf.GeneratedMessageLite.Internal_.createSingleEnumExtension(
              internal_topLevelNativeEnum,
              v ->
                  com.google.protobuf.contrib.j2cl.protos.TopLevelNativeEnum.Internal_ClosureEnum
                      .toEnum(v),
              v ->
                  com.google.protobuf.contrib.j2cl.protos.TopLevelNativeEnum.Internal_ClosureEnum
                      .toClosureValue(v));

  @jsinterop.annotations.JsProperty(name = "repeatedTopLevelNativeEnum")
  private static com.google.protobuf.GeneratedMessageLite.Internal_.ExtensionFieldInfo<
          com.google.protobuf.contrib.j2cl.protos.MainMessage, ?>
      internal_repeatedTopLevelNativeEnum;

  @jsinterop.annotations.JsOverlay
  public static final com.google.protobuf.ExtensionLite<
          com.google.protobuf.contrib.j2cl.protos.MainMessage,
          java.util.List<com.google.protobuf.contrib.j2cl.protos.TopLevelNativeEnum>>
      repeatedTopLevelNativeEnum =
          com.google.protobuf.GeneratedMessageLite.Internal_.createRepeatedEnumExtension(
              internal_repeatedTopLevelNativeEnum,
              v ->
                  com.google.protobuf.contrib.j2cl.protos.TopLevelNativeEnum.Internal_ClosureEnum
                      .toEnum(v),
              v ->
                  com.google.protobuf.contrib.j2cl.protos.TopLevelNativeEnum.Internal_ClosureEnum
                      .toClosureValue(v));
}
