/**
 * @fileoverview
 * @suppress {lateProvide}
 *
 * Generated code DO NOT EDIT
 * Generated by
 * //java/com/google/protobuf/contrib/immutablejs/generator:ImmutableJspbCompiler
 */
goog.module('improto.protobuf.contrib.immutablejs.protos.TestProtoWithOneOfs');

const proto_im_InternalMessage = goog.require('proto.im.internal.InternalMessage');
const proto_im_Message = goog.require('proto.im.Message');
const goog_math_Long = goog.require('goog.math.Long');
const proto_im_ByteString = goog.require('proto.im.ByteString');
const proto_im_ListView = goog.require('proto.im.ListView');

/**
 *
 * @struct
 * @final
 * @extends {proto_im_InternalMessage<!TestProtoWithOneOfs,
 * !TestProtoWithOneOfs.Builder>}
 */
class TestProtoWithOneOfs extends proto_im_InternalMessage {
  /**
   * Parses the json as a message of type TestProtoWithOneOfs.
   * @param {string} json
   * @return {!TestProtoWithOneOfs}
   */
  static parse(json) {
    return proto_im_InternalMessage.parseBase(TestProtoWithOneOfs, json);
  }

  /**
   * Returns a builder for this message.
   * @param {!TestProtoWithOneOfs=} message
   * @return {!TestProtoWithOneOfs.Builder}
   */
  static newBuilder(message = TestProtoWithOneOfs.getDefaultInstance()) {
    return new TestProtoWithOneOfs.Builder(message);
  }

  /**
   * Returns the default instance for this message.
   * @return {!TestProtoWithOneOfs}
   */
  static getDefaultInstance() {
    return proto_im_InternalMessage.getDefaultInstanceForMessage(
        TestProtoWithOneOfs);
  }

  /**
   * @param {!Array<?>} data The array holding protobuf data.
   * @private
   */
  constructor(data) {
    super(data, -1, 0);
  }

  /**
   * Constructs a builder initialized with the current message.
   * @return {!TestProtoWithOneOfs.Builder}
   * @override
   */
  toBuilder() {
    return new TestProtoWithOneOfs.Builder(this);
  }

  /**
   * @return {boolean}
   */
  hasABool() {
    return this.internal_hasField(1);
  }

  /**
   *
   * @return {!boolean}
   */
  getABool() {
    return this.internal_getBooleanField(1);
  }

  /**
   * @return {boolean}
   */
  hasAnInt() {
    return this.internal_hasField(4);
  }

  /**
   *
   * @return {!number}
   */
  getAnInt() {
    return this.internal_getIntField(4);
  }

  /**
   * @return {boolean}
   */
  hasALong() {
    return this.internal_hasField(7);
  }

  /**
   *
   * @return {!goog_math_Long}
   */
  getALong() {
    return this.internal_getInt52LongField(7);
  }

  /**
   * @return {boolean}
   */
  hasAFloat() {
    return this.internal_hasField(10);
  }

  /**
   *
   * @return {!number}
   */
  getAFloat() {
    return this.internal_getDoubleField(10);
  }

  /**
   * @return {boolean}
   */
  hasADouble() {
    return this.internal_hasField(14);
  }

  /**
   *
   * @return {!number}
   */
  getADouble() {
    return this.internal_getDoubleField(14);
  }

  /**
   * @return {boolean}
   */
  hasDoubleWithDefault() {
    return this.internal_hasField(15);
  }

  /**
   *
   * @return {!number}
   */
  getDoubleWithDefault() {
    return this.internal_getDoubleFieldWithDefault(15, 2.46);
  }

  /**
   * @return {boolean}
   */
  hasAnEnum() {
    return this.internal_hasField(16);
  }

  /**
   *
   * @return {!TestProtoWithOneOfs.TestEnum}
   */
  getAnEnum() {
    return /** @type {!TestProtoWithOneOfs.TestEnum} */ (
        this.internal_getIntFieldWithDefault(16, 0));
  }

  /**
   * @return {boolean}
   */
  hasAString() {
    return this.internal_hasField(19);
  }

  /**
   *
   * @return {!string}
   */
  getAString() {
    return this.internal_getStringField(19);
  }

  /**
   * @return {boolean}
   */
  hasSomeBytes() {
    return this.internal_hasField(20);
  }

  /**
   *
   * @return {!proto_im_ByteString}
   */
  getSomeBytes() {
    return this.internal_getByteStringField(20);
  }

  /**
   * @return {boolean}
   */
  hasNestedProto() {
    return this.internal_hasField(26);
  }

  /**
   *
   * @return {!TestProtoWithOneOfs.TestNestedProto}
   */
  getNestedProto() {
    return this.internal_getMessageField(
        26, TestProtoWithOneOfs.TestNestedProto);
  }

  /**
   * @return {boolean}
   */
  hasNestedProtoWithOneofs() {
    return this.internal_hasField(27);
  }

  /**
   *
   * @return {!TestProtoWithOneOfs.TestNestedProtoWithOneOfs}
   */
  getNestedProtoWithOneofs() {
    return this.internal_getMessageField(
        27, TestProtoWithOneOfs.TestNestedProtoWithOneOfs);
  }

  /**
   * @return {boolean}
   */
  hasOptionalBool() {
    return this.internal_hasField(2);
  }

  /**
   *
   * @return {!boolean}
   */
  getOptionalBool() {
    return this.internal_getBooleanField(2);
  }

  /**
   * @return {boolean}
   */
  hasRequiredString() {
    return this.internal_hasField(3);
  }

  /**
   *
   * @return {!string}
   */
  getRequiredString() {
    return this.internal_getStringField(3);
  }

  /**
   * @return {number}
   */
  getRepeatedIntCount() {
    return this.internal_getRepeatedFieldCount(8);
  }

  /**
   * @param {number} index
   * @return {!number}
   */
  getRepeatedInt(index) {
    return this.internal_getIntElement(8, index);
  }

  /**
   *
   * @return {!proto_im_ListView<!number>}
   */
  getRepeatedIntList() {
    return this.internal_getRepeatedIntField(8);
  }

  /**
   * @return {!TestProtoWithOneOfs.AOneofCase}
   */
  getAOneofCase() {
    if (this.internal_hasField(1)) {
      return TestProtoWithOneOfs.AOneofCase.A_BOOL;
    }
    if (this.internal_hasField(4)) {
      return TestProtoWithOneOfs.AOneofCase.AN_INT;
    }
    if (this.internal_hasField(7)) {
      return TestProtoWithOneOfs.AOneofCase.A_LONG;
    }
    if (this.internal_hasField(10)) {
      return TestProtoWithOneOfs.AOneofCase.A_FLOAT;
    }
    if (this.internal_hasField(14)) {
      return TestProtoWithOneOfs.AOneofCase.A_DOUBLE;
    }
    if (this.internal_hasField(15)) {
      return TestProtoWithOneOfs.AOneofCase.DOUBLE_WITH_DEFAULT;
    }
    return TestProtoWithOneOfs.AOneofCase.AONEOF_NOT_SET;
  }

  /**
   * @return {!TestProtoWithOneOfs.AnotherOneofCase}
   */
  getAnotherOneofCase() {
    if (this.internal_hasField(16)) {
      return TestProtoWithOneOfs.AnotherOneofCase.AN_ENUM;
    }
    if (this.internal_hasField(19)) {
      return TestProtoWithOneOfs.AnotherOneofCase.A_STRING;
    }
    if (this.internal_hasField(20)) {
      return TestProtoWithOneOfs.AnotherOneofCase.SOME_BYTES;
    }
    if (this.internal_hasField(26)) {
      return TestProtoWithOneOfs.AnotherOneofCase.NESTED_PROTO;
    }
    if (this.internal_hasField(27)) {
      return TestProtoWithOneOfs.AnotherOneofCase.NESTED_PROTO_WITH_ONEOFS;
    }
    return TestProtoWithOneOfs.AnotherOneofCase.ANOTHERONEOF_NOT_SET;
  }
}

/**
 *
 * @enum {number}
 */
TestProtoWithOneOfs.AOneofCase = {
  AONEOF_NOT_SET: 0,
  A_BOOL: 1,
  AN_INT: 4,
  A_LONG: 7,
  A_FLOAT: 10,
  A_DOUBLE: 14,
  DOUBLE_WITH_DEFAULT: 15,
};
/**
 *
 * @enum {number}
 */
TestProtoWithOneOfs.AnotherOneofCase = {
  ANOTHERONEOF_NOT_SET: 0,
  AN_ENUM: 16,
  A_STRING: 19,
  SOME_BYTES: 20,
  NESTED_PROTO: 26,
  NESTED_PROTO_WITH_ONEOFS: 27,
};

// Extensions start
// Extensions end

/**
 * @override
 * @struct
 * @final
 * @extends {proto_im_InternalMessage.Builder<!TestProtoWithOneOfs,
 * !TestProtoWithOneOfs.Builder>}
 */
TestProtoWithOneOfs.Builder = class extends proto_im_InternalMessage.Builder {
  /**
   * @param {!TestProtoWithOneOfs} message
   * @private
   */
  constructor(message) {
    super(message);
  }

  /**
   * @return {boolean}
   */
  hasABool() {
    return this.message.hasABool();
  }

  /**
   *
   * @return {!boolean}
   */
  getABool() {
    return this.message.getABool();
  }

  /**
   *
   * @param {!boolean} value
   * @return {!TestProtoWithOneOfs.Builder}
   */
  setABool(value) {
    this.internal_clearAOneofCase();
    return this.internal_setBooleanField(1, value);
  }

  /**
   * @return {!TestProtoWithOneOfs.Builder}
   */
  clearABool() {
    return this.internal_clearField(1);
  }
  /**
   * @return {boolean}
   */
  hasAnInt() {
    return this.message.hasAnInt();
  }

  /**
   *
   * @return {!number}
   */
  getAnInt() {
    return this.message.getAnInt();
  }

  /**
   *
   * @param {!number} value
   * @return {!TestProtoWithOneOfs.Builder}
   */
  setAnInt(value) {
    this.internal_clearAOneofCase();
    return this.internal_setIntField(4, value);
  }

  /**
   * @return {!TestProtoWithOneOfs.Builder}
   */
  clearAnInt() {
    return this.internal_clearField(4);
  }
  /**
   * @return {boolean}
   */
  hasALong() {
    return this.message.hasALong();
  }

  /**
   *
   * @return {!goog_math_Long}
   */
  getALong() {
    return this.message.getALong();
  }

  /**
   *
   * @param {!goog_math_Long} value
   * @return {!TestProtoWithOneOfs.Builder}
   */
  setALong(value) {
    this.internal_clearAOneofCase();
    return this.internal_setInt52LongField(7, value);
  }

  /**
   * @return {!TestProtoWithOneOfs.Builder}
   */
  clearALong() {
    return this.internal_clearField(7);
  }
  /**
   * @return {boolean}
   */
  hasAFloat() {
    return this.message.hasAFloat();
  }

  /**
   *
   * @return {!number}
   */
  getAFloat() {
    return this.message.getAFloat();
  }

  /**
   *
   * @param {!number} value
   * @return {!TestProtoWithOneOfs.Builder}
   */
  setAFloat(value) {
    this.internal_clearAOneofCase();
    return this.internal_setDoubleField(10, value);
  }

  /**
   * @return {!TestProtoWithOneOfs.Builder}
   */
  clearAFloat() {
    return this.internal_clearField(10);
  }
  /**
   * @return {boolean}
   */
  hasADouble() {
    return this.message.hasADouble();
  }

  /**
   *
   * @return {!number}
   */
  getADouble() {
    return this.message.getADouble();
  }

  /**
   *
   * @param {!number} value
   * @return {!TestProtoWithOneOfs.Builder}
   */
  setADouble(value) {
    this.internal_clearAOneofCase();
    return this.internal_setDoubleField(14, value);
  }

  /**
   * @return {!TestProtoWithOneOfs.Builder}
   */
  clearADouble() {
    return this.internal_clearField(14);
  }
  /**
   * @return {boolean}
   */
  hasDoubleWithDefault() {
    return this.message.hasDoubleWithDefault();
  }

  /**
   *
   * @return {!number}
   */
  getDoubleWithDefault() {
    return this.message.getDoubleWithDefault();
  }

  /**
   *
   * @param {!number} value
   * @return {!TestProtoWithOneOfs.Builder}
   */
  setDoubleWithDefault(value) {
    this.internal_clearAOneofCase();
    return this.internal_setDoubleField(15, value);
  }

  /**
   * @return {!TestProtoWithOneOfs.Builder}
   */
  clearDoubleWithDefault() {
    return this.internal_clearField(15);
  }
  /**
   * @return {boolean}
   */
  hasAnEnum() {
    return this.message.hasAnEnum();
  }

  /**
   *
   * @return {!TestProtoWithOneOfs.TestEnum}
   */
  getAnEnum() {
    return this.message.getAnEnum();
  }

  /**
   *
   * @param {!TestProtoWithOneOfs.TestEnum} value
   * @return {!TestProtoWithOneOfs.Builder}
   */
  setAnEnum(value) {
    this.internal_clearAnotherOneofCase();
    return this.internal_setIntField(16, value);
  }

  /**
   * @return {!TestProtoWithOneOfs.Builder}
   */
  clearAnEnum() {
    return this.internal_clearField(16);
  }
  /**
   * @return {boolean}
   */
  hasAString() {
    return this.message.hasAString();
  }

  /**
   *
   * @return {!string}
   */
  getAString() {
    return this.message.getAString();
  }

  /**
   *
   * @param {!string} value
   * @return {!TestProtoWithOneOfs.Builder}
   */
  setAString(value) {
    this.internal_clearAnotherOneofCase();
    return this.internal_setStringField(19, value);
  }

  /**
   * @return {!TestProtoWithOneOfs.Builder}
   */
  clearAString() {
    return this.internal_clearField(19);
  }
  /**
   * @return {boolean}
   */
  hasSomeBytes() {
    return this.message.hasSomeBytes();
  }

  /**
   *
   * @return {!proto_im_ByteString}
   */
  getSomeBytes() {
    return this.message.getSomeBytes();
  }

  /**
   *
   * @param {!proto_im_ByteString} value
   * @return {!TestProtoWithOneOfs.Builder}
   */
  setSomeBytes(value) {
    this.internal_clearAnotherOneofCase();
    return this.internal_setByteStringField(20, value);
  }

  /**
   * @return {!TestProtoWithOneOfs.Builder}
   */
  clearSomeBytes() {
    return this.internal_clearField(20);
  }
  /**
   * @return {boolean}
   */
  hasNestedProto() {
    return this.message.hasNestedProto();
  }

  /**
   *
   * @return {!TestProtoWithOneOfs.TestNestedProto}
   */
  getNestedProto() {
    return this.message.getNestedProto();
  }

  /**
   *
   * @param {!TestProtoWithOneOfs.TestNestedProto|!TestProtoWithOneOfs.TestNestedProto.Builder}
   *     value
   * @return {!TestProtoWithOneOfs.Builder}
   */
  setNestedProto(value) {
    this.internal_clearAnotherOneofCase();
    return this.internal_setMessageField(26, value);
  }

  /**
   * @return {!TestProtoWithOneOfs.Builder}
   */
  clearNestedProto() {
    return this.internal_clearField(26);
  }
  /**
   * @return {boolean}
   */
  hasNestedProtoWithOneofs() {
    return this.message.hasNestedProtoWithOneofs();
  }

  /**
   *
   * @return {!TestProtoWithOneOfs.TestNestedProtoWithOneOfs}
   */
  getNestedProtoWithOneofs() {
    return this.message.getNestedProtoWithOneofs();
  }

  /**
   *
   * @param {!TestProtoWithOneOfs.TestNestedProtoWithOneOfs|!TestProtoWithOneOfs.TestNestedProtoWithOneOfs.Builder}
   *     value
   * @return {!TestProtoWithOneOfs.Builder}
   */
  setNestedProtoWithOneofs(value) {
    this.internal_clearAnotherOneofCase();
    return this.internal_setMessageField(27, value);
  }

  /**
   * @return {!TestProtoWithOneOfs.Builder}
   */
  clearNestedProtoWithOneofs() {
    return this.internal_clearField(27);
  }
  /**
   * @return {boolean}
   */
  hasOptionalBool() {
    return this.message.hasOptionalBool();
  }

  /**
   *
   * @return {!boolean}
   */
  getOptionalBool() {
    return this.message.getOptionalBool();
  }

  /**
   *
   * @param {!boolean} value
   * @return {!TestProtoWithOneOfs.Builder}
   */
  setOptionalBool(value) {
    return this.internal_setBooleanField(2, value);
  }

  /**
   * @return {!TestProtoWithOneOfs.Builder}
   */
  clearOptionalBool() {
    return this.internal_clearField(2);
  }
  /**
   * @return {boolean}
   */
  hasRequiredString() {
    return this.message.hasRequiredString();
  }

  /**
   *
   * @return {!string}
   */
  getRequiredString() {
    return this.message.getRequiredString();
  }

  /**
   *
   * @param {!string} value
   * @return {!TestProtoWithOneOfs.Builder}
   */
  setRequiredString(value) {
    return this.internal_setStringField(3, value);
  }

  /**
   * @return {!TestProtoWithOneOfs.Builder}
   */
  clearRequiredString() {
    return this.internal_clearField(3);
  }
  /**
   * @return {number}
   */
  getRepeatedIntCount() {
    return this.message.getRepeatedIntCount();
  }

  /**
   * @param {number} index
   * @return {!number}
   */
  getRepeatedInt(index) {
    return this.message.getRepeatedInt(index);
  }

  /**
   *
   * @return {!proto_im_ListView<!number>}
   */
  getRepeatedIntList() {
    return this.message.getRepeatedIntList();
  }

  /**
   * @param {number} index
   * @param {!number} value
   * @return {!TestProtoWithOneOfs.Builder}
   */
  setRepeatedInt(index, value) {
    return this.internal_setIntElement(8, index, value);
  }

  /**
   *
   * @param {!number} value
   * @return {!TestProtoWithOneOfs.Builder}
   */
  addRepeatedInt(value) {
    return this.internal_addIntElement(8, value);
  }

  /**
   *
   * @param {!Iterable<!number>} values
   * @return {!TestProtoWithOneOfs.Builder}
   */
  addAllRepeatedInt(values) {
    return this.internal_addAllIntElements(8, values);
  }

  /**
   * @return {!TestProtoWithOneOfs.Builder}
   */
  clearRepeatedInt() {
    return this.internal_clearField(8);
  }

  /**
   * @return {!TestProtoWithOneOfs.AOneofCase}
   */
  getAOneofCase() {
    return this.message.getAOneofCase();
  }

  /**
   * @private
   */
  internal_clearAOneofCase() {
    this.internal_clearFields(1, 4, 7, 10, 14, 15);
  }

  /**
   * @return {!TestProtoWithOneOfs.AnotherOneofCase}
   */
  getAnotherOneofCase() {
    return this.message.getAnotherOneofCase();
  }

  /**
   * @private
   */
  internal_clearAnotherOneofCase() {
    this.internal_clearFields(16, 19, 20, 26, 27);
  }
}

/**
 *
 * @struct
 * @final
 * @extends {proto_im_InternalMessage<!TestProtoWithOneOfs.TestNestedProto,
 * !TestProtoWithOneOfs.TestNestedProto.Builder>}
 */
TestProtoWithOneOfs.TestNestedProto =
    class TestNestedProto extends proto_im_InternalMessage {
  /**
   * Parses the json as a message of type TestProtoWithOneOfs.TestNestedProto.
   * @param {string} json
   * @return {!TestProtoWithOneOfs.TestNestedProto}
   */
  static parse(json) {
    return proto_im_InternalMessage.parseBase(
        TestProtoWithOneOfs.TestNestedProto, json);
  }

  /**
   * Returns a builder for this message.
   * @param {!TestProtoWithOneOfs.TestNestedProto=} message
   * @return {!TestProtoWithOneOfs.TestNestedProto.Builder}
   */
  static newBuilder(
      message = TestProtoWithOneOfs.TestNestedProto.getDefaultInstance()) {
    return new TestProtoWithOneOfs.TestNestedProto.Builder(message);
  }

  /**
   * Returns the default instance for this message.
   * @return {!TestProtoWithOneOfs.TestNestedProto}
   */
  static getDefaultInstance() {
    return proto_im_InternalMessage.getDefaultInstanceForMessage(
        TestProtoWithOneOfs.TestNestedProto);
  }

  /**
   * @param {!Array<?>} data The array holding protobuf data.
   * @private
   */
  constructor(data) {
    super(data, -1, 0);
  }

  /**
   * Constructs a builder initialized with the current message.
   * @return {!TestProtoWithOneOfs.TestNestedProto.Builder}
   * @override
   */
  toBuilder() {
    return new TestProtoWithOneOfs.TestNestedProto.Builder(this);
  }

  /**
   * @return {boolean}
   */
  hasAString() {
    return this.internal_hasField(1);
  }

  /**
   *
   * @return {!string}
   */
  getAString() {
    return this.internal_getStringField(1);
  }
}


// Extensions start
// Extensions end

/**
 * @override
 * @struct
 * @final
 * @extends {proto_im_InternalMessage.Builder<!TestProtoWithOneOfs.TestNestedProto,
 * !TestProtoWithOneOfs.TestNestedProto.Builder>}
 */
TestProtoWithOneOfs.TestNestedProto.Builder =
    class extends proto_im_InternalMessage.Builder {
  /**
   * @param {!TestProtoWithOneOfs.TestNestedProto} message
   * @private
   */
  constructor(message) {
    super(message);
  }

  /**
   * @return {boolean}
   */
  hasAString() {
    return this.message.hasAString();
  }

  /**
   *
   * @return {!string}
   */
  getAString() {
    return this.message.getAString();
  }

  /**
   *
   * @param {!string} value
   * @return {!TestProtoWithOneOfs.TestNestedProto.Builder}
   */
  setAString(value) {
    return this.internal_setStringField(1, value);
  }

  /**
   * @return {!TestProtoWithOneOfs.TestNestedProto.Builder}
   */
  clearAString() {
    return this.internal_clearField(1);
  }
}

/**
 *
 * @struct
 * @final
 * @extends {proto_im_InternalMessage<!TestProtoWithOneOfs.TestNestedProtoWithOneOfs,
 * !TestProtoWithOneOfs.TestNestedProtoWithOneOfs.Builder>}
 */
TestProtoWithOneOfs.TestNestedProtoWithOneOfs =
    class TestNestedProtoWithOneOfs extends proto_im_InternalMessage {
  /**
   * Parses the json as a message of type
   * TestProtoWithOneOfs.TestNestedProtoWithOneOfs.
   * @param {string} json
   * @return {!TestProtoWithOneOfs.TestNestedProtoWithOneOfs}
   */
  static parse(json) {
    return proto_im_InternalMessage.parseBase(
        TestProtoWithOneOfs.TestNestedProtoWithOneOfs, json);
  }

  /**
   * Returns a builder for this message.
   * @param {!TestProtoWithOneOfs.TestNestedProtoWithOneOfs=} message
   * @return {!TestProtoWithOneOfs.TestNestedProtoWithOneOfs.Builder}
   */
  static newBuilder(
      message =
          TestProtoWithOneOfs.TestNestedProtoWithOneOfs.getDefaultInstance()) {
    return new TestProtoWithOneOfs.TestNestedProtoWithOneOfs.Builder(message);
  }

  /**
   * Returns the default instance for this message.
   * @return {!TestProtoWithOneOfs.TestNestedProtoWithOneOfs}
   */
  static getDefaultInstance() {
    return proto_im_InternalMessage.getDefaultInstanceForMessage(
        TestProtoWithOneOfs.TestNestedProtoWithOneOfs);
  }

  /**
   * @param {!Array<?>} data The array holding protobuf data.
   * @private
   */
  constructor(data) {
    super(data, -1, 0);
  }

  /**
   * Constructs a builder initialized with the current message.
   * @return {!TestProtoWithOneOfs.TestNestedProtoWithOneOfs.Builder}
   * @override
   */
  toBuilder() {
    return new TestProtoWithOneOfs.TestNestedProtoWithOneOfs.Builder(this);
  }

  /**
   * @return {boolean}
   */
  hasBoolWithDefault() {
    return this.internal_hasField(1);
  }

  /**
   *
   * @return {!boolean}
   */
  getBoolWithDefault() {
    return this.internal_getBooleanFieldWithDefault(1, true);
  }

  /**
   * @return {boolean}
   */
  hasAnInt() {
    return this.internal_hasField(7);
  }

  /**
   *
   * @return {!number}
   */
  getAnInt() {
    return this.internal_getIntField(7);
  }

  /**
   * @return {boolean}
   */
  hasOptionalFloat() {
    return this.internal_hasField(2);
  }

  /**
   *
   * @return {!number}
   */
  getOptionalFloat() {
    return this.internal_getDoubleField(2);
  }

  /**
   * @return {!TestProtoWithOneOfs.TestNestedProtoWithOneOfs.ANestedOneofCase}
   */
  getANestedOneofCase() {
    if (this.internal_hasField(1)) {
      return TestProtoWithOneOfs.TestNestedProtoWithOneOfs.ANestedOneofCase
          .BOOL_WITH_DEFAULT;
    }
    if (this.internal_hasField(7)) {
      return TestProtoWithOneOfs.TestNestedProtoWithOneOfs.ANestedOneofCase
          .AN_INT;
    }
    return TestProtoWithOneOfs.TestNestedProtoWithOneOfs.ANestedOneofCase
        .ANESTEDONEOF_NOT_SET;
  }
}

/**
 *
 * @enum {number}
 */
TestProtoWithOneOfs.TestNestedProtoWithOneOfs.ANestedOneofCase = {
  ANESTEDONEOF_NOT_SET: 0,
  BOOL_WITH_DEFAULT: 1,
  AN_INT: 7,
};

// Extensions start
// Extensions end

/**
 * @override
 * @struct
 * @final
 * @extends {proto_im_InternalMessage.Builder<!TestProtoWithOneOfs.TestNestedProtoWithOneOfs,
 * !TestProtoWithOneOfs.TestNestedProtoWithOneOfs.Builder>}
 */
TestProtoWithOneOfs.TestNestedProtoWithOneOfs.Builder =
    class extends proto_im_InternalMessage.Builder {
  /**
   * @param {!TestProtoWithOneOfs.TestNestedProtoWithOneOfs} message
   * @private
   */
  constructor(message) {
    super(message);
  }

  /**
   * @return {boolean}
   */
  hasBoolWithDefault() {
    return this.message.hasBoolWithDefault();
  }

  /**
   *
   * @return {!boolean}
   */
  getBoolWithDefault() {
    return this.message.getBoolWithDefault();
  }

  /**
   *
   * @param {!boolean} value
   * @return {!TestProtoWithOneOfs.TestNestedProtoWithOneOfs.Builder}
   */
  setBoolWithDefault(value) {
    this.internal_clearANestedOneofCase();
    return this.internal_setBooleanField(1, value);
  }

  /**
   * @return {!TestProtoWithOneOfs.TestNestedProtoWithOneOfs.Builder}
   */
  clearBoolWithDefault() {
    return this.internal_clearField(1);
  }
  /**
   * @return {boolean}
   */
  hasAnInt() {
    return this.message.hasAnInt();
  }

  /**
   *
   * @return {!number}
   */
  getAnInt() {
    return this.message.getAnInt();
  }

  /**
   *
   * @param {!number} value
   * @return {!TestProtoWithOneOfs.TestNestedProtoWithOneOfs.Builder}
   */
  setAnInt(value) {
    this.internal_clearANestedOneofCase();
    return this.internal_setIntField(7, value);
  }

  /**
   * @return {!TestProtoWithOneOfs.TestNestedProtoWithOneOfs.Builder}
   */
  clearAnInt() {
    return this.internal_clearField(7);
  }
  /**
   * @return {boolean}
   */
  hasOptionalFloat() {
    return this.message.hasOptionalFloat();
  }

  /**
   *
   * @return {!number}
   */
  getOptionalFloat() {
    return this.message.getOptionalFloat();
  }

  /**
   *
   * @param {!number} value
   * @return {!TestProtoWithOneOfs.TestNestedProtoWithOneOfs.Builder}
   */
  setOptionalFloat(value) {
    return this.internal_setDoubleField(2, value);
  }

  /**
   * @return {!TestProtoWithOneOfs.TestNestedProtoWithOneOfs.Builder}
   */
  clearOptionalFloat() {
    return this.internal_clearField(2);
  }

  /**
   * @return {!TestProtoWithOneOfs.TestNestedProtoWithOneOfs.ANestedOneofCase}
   */
  getANestedOneofCase() {
    return this.message.getANestedOneofCase();
  }

  /**
   * @private
   */
  internal_clearANestedOneofCase() {
    this.internal_clearFields(1, 7);
  }
}



/**
 *
 * @enum {number}
 */
TestProtoWithOneOfs.TestEnum = {
  UNKNOWN: 0,
  TWO: 1
};


exports = TestProtoWithOneOfs;
